<html>
<body>
<pre>
<h1>礦ision Build Log</h1>
<h2>Tool Versions:</h2>
IDE-Version: μVision V5.18.0.0
Copyright (C) 2016 ARM Ltd and ARM Germany GmbH. All rights reserved.
License Information: 1 小宇, 1, LIC=GMZI6-DX4QC-LQ60Q-NH4DM-WAZNR-HRDX2
 
Tool Versions:
Toolchain:       MDK-ARM Standard  Version: 5.18
Toolchain Path:  D:\KEIL5\MDK5\ARM\ARMCC\Bin
C Compiler:      Armcc.exe V5.06 update 1 (build 61)
Assembler:       Armasm.exe V5.06 update 1 (build 61)
Linker/Locator:  ArmLink.exe V5.06 update 1 (build 61)
Library Manager: ArmAr.exe V5.06 update 1 (build 61)
Hex Converter:   FromElf.exe V5.06 update 1 (build 61)
CPU DLL:         SARMCM3.DLL V5.18
Dialog DLL:      DARMSTM.DLL V1.65.0.0
Target DLL:      STLink\ST-LINKIII-KEIL_SWO.dll V2.0.18.0
Dialog DLL:        TARMSTM.DLL   
 
<h2>Project:</h2>
E:\学校相关\单极性SPWM - 副本 (2)\USER\LED.uvprojx
Project File Date:  08/05/2023

<h2>Output:</h2>
*** Using Compiler 'V5.06 update 1 (build 61)', folder: 'D:\KEIL5\MDK5\ARM\ARMCC\Bin'
Rebuild target 'LED'
assembling startup_stm32f10x_hd.s...
compiling core_cm3.c...
compiling key.c...
compiling adc.c...
compiling usart3.c...
compiling stm32f10x_gpio.c...
compiling system_stm32f10x.c...
compiling stm32f10x_it.c...
compiling usart.c...
compiling main.c...
compiling spwm.c...
compiling pid.c...
compiling delay.c...
compiling OLED.c...
compiling sys.c...
compiling stm32f10x_rcc.c...
compiling stm32f10x_usart.c...
compiling misc.c...
compiling stm32f10x_exti.c...
compiling stm32f10x_adc.c...
compiling stm32f10x_tim.c...
linking...
Program Size: Code=17066 RO-data=2082 RW-data=1716 ZI-data=2164  
FromELF: creating hex file...
"..\OBJ\LED.axf" - 0 Error(s), 0 Warning(s).

<h2>Collection of Component include folders:</h2>
  E:\学校相关\单极性SPWM - 副本 (2)\USER\RTE
  D:\KEIL5\MDK5\ARM\PACK\Keil\STM32F1xx_DFP\1.0.5\Device\Include

<h2>Collection of Component Files used:</h2>
Build Time Elapsed:  00:00:01
</pre>
</body>
</html>
