Component: ARM Compiler 5.06 update 1 (build 61) Tool: armlink [4d35a8]

==============================================================================

Section Cross References

    main.o(.text) refers to misc.o(.text) for NVIC_PriorityGroupConfig
    main.o(.text) refers to delay.o(.text) for delay_init
    main.o(.text) refers to usart3.o(.text) for Usart3_Init
    main.o(.text) refers to key.o(.text) for KEY_Init
    main.o(.text) refers to spwm.o(.text) for spwm_init
    main.o(.text) refers to adc.o(.text) for Adc_Init
    main.o(.text) refers to oled.o(.text) for OLED_Init
    main.o(.text) refers to stm32f10x_usart.o(.text) for USART_Cmd
    main.o(.text) refers to fflt_clz.o(x$fpl$ffltu) for __aeabi_ui2f
    main.o(.text) refers to fflt_clz.o(x$fpl$fflt) for __aeabi_i2f
    main.o(.text) refers to spwm.o(.data) for spwm
    main.o(.text) refers to usart3.o(.bss) for DisplayTable
    main.o(.text) refers to main.o(.data) for Vdata
    system_stm32f10x.o(.text) refers to system_stm32f10x.o(.data) for SystemCoreClock
    spwm.o(.text) refers to stm32f10x_rcc.o(.text) for RCC_APB2PeriphClockCmd
    spwm.o(.text) refers to stm32f10x_gpio.o(.text) for GPIO_PinRemapConfig
    spwm.o(.text) refers to stm32f10x_tim.o(.text) for TIM_TimeBaseInit
    spwm.o(.text) refers to misc.o(.text) for NVIC_Init
    spwm.o(.text) refers to fflt_clz.o(x$fpl$ffltu) for __aeabi_ui2f
    spwm.o(.text) refers to f2d.o(x$fpl$f2d) for __aeabi_f2d
    spwm.o(.text) refers to ddiv.o(x$fpl$ddiv) for __aeabi_ddiv
    spwm.o(.text) refers to d2f.o(x$fpl$d2f) for __aeabi_d2f
    spwm.o(.text) refers to ffixu.o(x$fpl$ffixu) for __aeabi_f2uiz
    spwm.o(.text) refers to fmul.o(x$fpl$fmul) for __aeabi_fmul
    spwm.o(.text) refers to faddsub_clz.o(x$fpl$fadd) for __aeabi_fadd
    spwm.o(.text) refers to faddsub_clz.o(x$fpl$frsb) for __aeabi_frsub
    spwm.o(.text) refers to pid.o(.text) for PID_realize
    spwm.o(.text) refers to system_stm32f10x.o(.data) for SystemCoreClock
    spwm.o(.text) refers to spwm.o(.data) for TimerPeriod
    spwm.o(.text) refers to main.o(.data) for Vdata
    oled.o(.text) refers to stm32f10x_rcc.o(.text) for RCC_APB2PeriphClockCmd
    oled.o(.text) refers to stm32f10x_gpio.o(.text) for GPIO_Init
    oled.o(.text) refers to ffixu.o(x$fpl$ffixu) for __aeabi_f2uiz
    oled.o(.text) refers to fflt_clz.o(x$fpl$ffltu) for __aeabi_ui2f
    oled.o(.text) refers to fmul.o(x$fpl$fmul) for __aeabi_fmul
    oled.o(.text) refers to oled.o(.constdata) for OLED_F8x16
    usart3.o(.text) refers to stm32f10x_rcc.o(.text) for RCC_APB2PeriphClockCmd
    usart3.o(.text) refers to stm32f10x_gpio.o(.text) for GPIO_Init
    usart3.o(.text) refers to stm32f10x_usart.o(.text) for USART_Init
    usart3.o(.text) refers to misc.o(.text) for NVIC_Init
    usart3.o(.text) refers to dflt_clz.o(x$fpl$dfltu) for __aeabi_ui2d
    usart3.o(.text) refers to fflt_clz.o(x$fpl$ffltu) for __aeabi_ui2f
    usart3.o(.text) refers to f2d.o(x$fpl$f2d) for __aeabi_f2d
    usart3.o(.text) refers to dmul.o(x$fpl$dmul) for __aeabi_dmul
    usart3.o(.text) refers to ddiv.o(x$fpl$ddiv) for __aeabi_ddiv
    usart3.o(.text) refers to d2f.o(x$fpl$d2f) for __aeabi_d2f
    usart3.o(.text) refers to fmul.o(x$fpl$fmul) for __aeabi_fmul
    usart3.o(.text) refers to fdiv.o(x$fpl$fdiv) for __aeabi_fdiv
    usart3.o(.text) refers to usart3.o(.data) for Usart3_Receive_Flag
    usart3.o(.text) refers to usart3.o(.bss) for Usart3_RxBuff
    key.o(.text) refers to stm32f10x_rcc.o(.text) for RCC_APB2PeriphClockCmd
    key.o(.text) refers to stm32f10x_gpio.o(.text) for GPIO_Init
    key.o(.text) refers to delay.o(.text) for delay_ms
    key.o(.text) refers to key.o(.data) for key_up
    adc.o(.text) refers to stm32f10x_rcc.o(.text) for RCC_APB2PeriphClockCmd
    adc.o(.text) refers to stm32f10x_gpio.o(.text) for GPIO_Init
    adc.o(.text) refers to stm32f10x_adc.o(.text) for ADC_DeInit
    adc.o(.text) refers to delay.o(.text) for delay_ms
    pid.o(.text) refers to faddsub_clz.o(x$fpl$fsub) for __aeabi_fsub
    pid.o(.text) refers to frleqf.o(x$fpl$frleqf) for __aeabi_cfrcmple
    pid.o(.text) refers to fleqf.o(x$fpl$fleqf) for __aeabi_cfcmple
    pid.o(.text) refers to faddsub_clz.o(x$fpl$fadd) for __aeabi_fadd
    pid.o(.text) refers to f2d.o(x$fpl$f2d) for __aeabi_f2d
    pid.o(.text) refers to dleqf.o(x$fpl$dleqf) for __aeabi_cdcmple
    pid.o(.text) refers to fmul.o(x$fpl$fmul) for __aeabi_fmul
    pid.o(.text) refers to pid.o(.bss) for pid
    delay.o(.text) refers to misc.o(.text) for SysTick_CLKSourceConfig
    delay.o(.text) refers to system_stm32f10x.o(.data) for SystemCoreClock
    delay.o(.text) refers to delay.o(.data) for fac_us
    usart.o(.text) refers (Special) to use_no_semi_2.o(.text) for __use_no_semihosting
    usart.o(.text) refers to stm32f10x_rcc.o(.text) for RCC_APB2PeriphClockCmd
    usart.o(.text) refers to stm32f10x_gpio.o(.text) for GPIO_Init
[...]
    libinit2.o(.ARM.Collect$$libinit$$00000018) refers to libinit2.o(.ARM.Collect$$libinit$$0000000F) for .ARM.Collect$$libinit$$0000000F
    libinit2.o(.ARM.Collect$$libinit$$00000026) refers to argv_veneer.o(.emb_text) for __ARM_argv_veneer
    libinit2.o(.ARM.Collect$$libinit$$00000027) refers to argv_veneer.o(.emb_text) for __ARM_argv_veneer
    rtexit2.o(.ARM.Collect$$rtexit$$00000003) refers to libshutdown.o(.ARM.Collect$$libshutdown$$00000000) for __rt_lib_shutdown
    rtexit2.o(.ARM.Collect$$rtexit$$00000004) refers to usart.o(.text) for _sys_exit
    rtexit2.o(.ARM.exidx) refers to rtexit2.o(.ARM.Collect$$rtexit$$00000001) for .ARM.Collect$$rtexit$$00000001
    rtexit2.o(.ARM.exidx) refers to rtexit2.o(.ARM.Collect$$rtexit$$00000003) for .ARM.Collect$$rtexit$$00000003
    rtexit2.o(.ARM.exidx) refers to rtexit2.o(.ARM.Collect$$rtexit$$00000004) for .ARM.Collect$$rtexit$$00000004
    argv_veneer.o(.emb_text) refers to no_argv.o(.text) for __ARM_get_argv
    _get_argv_nomalloc.o(.text) refers (Special) to hrguard.o(.text) for __heap_region$guard
    _get_argv_nomalloc.o(.text) refers to defsig_rtmem_outer.o(.text) for __rt_SIGRTMEM
    _get_argv_nomalloc.o(.text) refers to sys_command.o(.text) for _sys_command_string
    libshutdown.o(.ARM.Collect$$libshutdown$$00000000) refers (Special) to libshutdown2.o(.ARM.Collect$$libshutdown$$00000002) for __rt_lib_shutdown_cpp_1
    libshutdown.o(.ARM.Collect$$libshutdown$$00000000) refers (Special) to libshutdown2.o(.ARM.Collect$$libshutdown$$00000007) for __rt_lib_shutdown_fp_trap_1
    libshutdown.o(.ARM.Collect$$libshutdown$$00000000) refers (Special) to libshutdown2.o(.ARM.Collect$$libshutdown$$0000000F) for __rt_lib_shutdown_heap_1
    libshutdown.o(.ARM.Collect$$libshutdown$$00000000) refers (Special) to libshutdown2.o(.ARM.Collect$$libshutdown$$00000010) for __rt_lib_shutdown_return
    libshutdown.o(.ARM.Collect$$libshutdown$$00000000) refers (Special) to libshutdown2.o(.ARM.Collect$$libshutdown$$0000000A) for __rt_lib_shutdown_signal_1
    libshutdown.o(.ARM.Collect$$libshutdown$$00000000) refers (Special) to libshutdown2.o(.ARM.Collect$$libshutdown$$00000004) for __rt_lib_shutdown_stdio_1
    libshutdown.o(.ARM.Collect$$libshutdown$$00000000) refers (Special) to libshutdown2.o(.ARM.Collect$$libshutdown$$0000000C) for __rt_lib_shutdown_user_alloc_1
    sys_command.o(.text) refers (Special) to use_no_semi.o(.text) for __I$use$semihosting
    sys_command.o(.text) refers (Special) to indicate_semi.o(.text) for __semihosting_library_function
    defsig_rtmem_outer.o(.text) refers to defsig_rtmem_inner.o(.text) for __rt_SIGRTMEM_inner
    defsig_rtmem_outer.o(.text) refers to defsig_exit.o(.text) for __sig_exit
    defsig_rtmem_formal.o(.text) refers to rt_raise.o(.text) for __rt_raise
    rt_raise.o(.text) refers to __raise.o(.text) for __raise
    rt_raise.o(.text) refers to usart.o(.text) for _sys_exit
    defsig_exit.o(.text) refers to usart.o(.text) for _sys_exit
    defsig_rtmem_inner.o(.text) refers to defsig_general.o(.text) for __default_signal_display
    __raise.o(.text) refers to defsig.o(CL$$defsig) for __default_signal_handler
    defsig_general.o(.text) refers to sys_wrch.o(.text) for _ttywrch
    sys_wrch.o(.text) refers (Special) to use_no_semi.o(.text) for __I$use$semihosting
    sys_wrch.o(.text) refers (Special) to indicate_semi.o(.text) for __semihosting_library_function
    defsig.o(CL$$defsig) refers to defsig_rtmem_inner.o(.text) for __rt_SIGRTMEM_inner
    defsig_abrt_inner.o(.text) refers to defsig_general.o(.text) for __default_signal_display
    defsig_fpe_inner.o(.text) refers to defsig_general.o(.text) for __default_signal_display
    defsig_rtred_inner.o(.text) refers to defsig_general.o(.text) for __default_signal_display
    defsig_stak_inner.o(.text) refers to defsig_general.o(.text) for __default_signal_display
    defsig_pvfn_inner.o(.text) refers to defsig_general.o(.text) for __default_signal_display
    defsig_cppl_inner.o(.text) refers to defsig_general.o(.text) for __default_signal_display
    defsig_segv_inner.o(.text) refers to defsig_general.o(.text) for __default_signal_display
    defsig_other.o(.text) refers to defsig_general.o(.text) for __default_signal_display


==============================================================================

Removing Unused input sections from the image.

    Removing main.o(.bss), (40 bytes).
    Removing sys.o(.emb_text), (6 bytes).
    Removing sys.o(.text), (12 bytes).
    Removing core_cm3.o(.emb_text), (32 bytes).
    Removing stm32f10x_exti.o(.text), (284 bytes).

5 unused section(s) (total 374 bytes) removed from the image.

==============================================================================

Image Symbol Table

    Local Symbols

    Symbol Name                              Value     Ov Type        Size  Object(Section)

    ../clib/angel/boardlib.s                 0x00000000   Number         0  boardinit1.o ABSOLUTE
    ../clib/angel/boardlib.s                 0x00000000   Number         0  boardinit3.o ABSOLUTE
    ../clib/angel/boardlib.s                 0x00000000   Number         0  boardinit2.o ABSOLUTE
    ../clib/angel/boardlib.s                 0x00000000   Number         0  boardshut.o ABSOLUTE
    ../clib/angel/dclz77c.s                  0x00000000   Number         0  __dclz77c.o ABSOLUTE
    ../clib/angel/handlers.s                 0x00000000   Number         0  __scatter_zi.o ABSOLUTE
    ../clib/angel/kernel.s                   0x00000000   Number         0  __rtentry.o ABSOLUTE
    ../clib/angel/kernel.s                   0x00000000   Number         0  rtexit.o ABSOLUTE
    ../clib/angel/kernel.s                   0x00000000   Number         0  rtexit2.o ABSOLUTE
    ../clib/angel/kernel.s                   0x00000000   Number         0  __rtentry4.o ABSOLUTE
    ../clib/angel/kernel.s                   0x00000000   Number         0  __rtentry2.o ABSOLUTE
    ../clib/angel/rt.s                       0x00000000   Number         0  rt_raise.o ABSOLUTE
    ../clib/angel/scatter.s                  0x00000000   Number         0  __scatter.o ABSOLUTE
    ../clib/angel/startup.s                  0x00000000   Number         0  __main.o ABSOLUTE
    ../clib/angel/sys.s                      0x00000000   Number         0  sys_stackheap_outer.o ABSOLUTE
    ../clib/angel/sys.s                      0x00000000   Number         0  use_no_semi.o ABSOLUTE
    ../clib/angel/sys.s                      0x00000000   Number         0  indicate_semi.o ABSOLUTE
    ../clib/angel/sys.s                      0x00000000   Number         0  libspace.o ABSOLUTE
    ../clib/angel/sys.s                      0x00000000   Number         0  use_no_semi_2.o ABSOLUTE
    ../clib/angel/sysapp.c                   0x00000000   Number         0  sys_command.o ABSOLUTE
    ../clib/angel/sysapp.c                   0x00000000   Number         0  sys_wrch.o ABSOLUTE
    ../clib/armsys.c                         0x00000000   Number         0  no_argv.o ABSOLUTE
    ../clib/armsys.c                         0x00000000   Number         0  argv_veneer.o ABSOLUTE
    ../clib/armsys.c                         0x00000000   Number         0  argv_veneer.o ABSOLUTE
    ../clib/armsys.c                         0x00000000   Number         0  _get_argv_nomalloc.o ABSOLUTE
    ../clib/heapalloc.c                      0x00000000   Number         0  hrguard.o ABSOLUTE
    ../clib/heapaux.c                        0x00000000   Number         0  heapauxi.o ABSOLUTE
    ../clib/libinit.s                        0x00000000   Number         0  libshutdown.o ABSOLUTE
    ../clib/libinit.s                        0x00000000   Number         0  libinit.o ABSOLUTE
    ../clib/libinit.s                        0x00000000   Number         0  libshutdown2.o ABSOLUTE
    ../clib/libinit.s                        0x00000000   Number         0  libinit2.o ABSOLUTE
    ../clib/signal.c                         0x00000000   Number         0  defsig_pvfn_inner.o ABSOLUTE
    ../clib/signal.c                         0x00000000   Number         0  defsig_rtred_inner.o ABSOLUTE
    ../clib/signal.c                         0x00000000   Number         0  defsig_fpe_inner.o ABSOLUTE
    ../clib/signal.c                         0x00000000   Number         0  defsig_abrt_inner.o ABSOLUTE
    ../clib/signal.c                         0x00000000   Number         0  defsig_general.o ABSOLUTE
    ../clib/signal.c                         0x00000000   Number         0  __raise.o ABSOLUTE
    ../clib/signal.c                         0x00000000   Number         0  defsig_rtmem_inner.o ABSOLUTE
    ../clib/signal.c                         0x00000000   Number         0  defsig_stak_inner.o ABSOLUTE
    ../clib/signal.c                         0x00000000   Number         0  defsig_exit.o ABSOLUTE
    ../clib/signal.c                         0x00000000   Number         0  defsig_other.o ABSOLUTE
    ../clib/signal.c                         0x00000000   Number         0  defsig_segv_inner.o ABSOLUTE
    ../clib/signal.c                         0x00000000   Number         0  defsig_cppl_inner.o ABSOLUTE
    ../clib/signal.c                         0x00000000   Number         0  defsig_rtmem_formal.o ABSOLUTE
    ../clib/signal.c                         0x00000000   Number         0  defsig_rtmem_outer.o ABSOLUTE
    ../clib/signal.s                         0x00000000   Number         0  defsig.o ABSOLUTE
    ../clib/stdlib.c                         0x00000000   Number         0  exit.o ABSOLUTE
    ../fplib/d2f.s                           0x00000000   Number         0  d2f.o ABSOLUTE
    ../fplib/dcmpi.s                         0x00000000   Number         0  dcmpi.o ABSOLUTE
    ../fplib/ddiv.s                          0x00000000   Number         0  ddiv.o ABSOLUTE
    ../fplib/dflt.s                          0x00000000   Number         0  dflt_clz.o ABSOLUTE
    ../fplib/dleqf.s                         0x00000000   Number         0  dleqf.o ABSOLUTE
    ../fplib/dmul.s                          0x00000000   Number         0  dmul.o ABSOLUTE
    ../fplib/dnaninf.s                       0x00000000   Number         0  dnaninf.o ABSOLUTE
    ../fplib/dretinf.s                       0x00000000   Number         0  dretinf.o ABSOLUTE
    ../fplib/f2d.s                           0x00000000   Number         0  f2d.o ABSOLUTE
    ../fplib/faddsub.s                       0x00000000   Number         0  faddsub_clz.o ABSOLUTE
    ../fplib/fcmpi.s                         0x00000000   Number         0  fcmpi.o ABSOLUTE
    ../fplib/fdiv.s                          0x00000000   Number         0  fdiv.o ABSOLUTE
    ../fplib/ffixu.s                         0x00000000   Number         0  ffixu.o ABSOLUTE
    ../fplib/fflt.s                          0x00000000   Number         0  fflt_clz.o ABSOLUTE
    ../fplib/fleqf.s                         0x00000000   Number         0  fleqf.o ABSOLUTE
    ../fplib/fmul.s                          0x00000000   Number         0  fmul.o ABSOLUTE
    ../fplib/fnaninf.s                       0x00000000   Number         0  fnaninf.o ABSOLUTE
    ../fplib/fpinit.s                        0x00000000   Number         0  fpinit.o ABSOLUTE
    ../fplib/fretinf.s                       0x00000000   Number         0  fretinf.o ABSOLUTE
    ../fplib/frleqf.s                        0x00000000   Number         0  frleqf.o ABSOLUTE
    ../fplib/usenofp.s                       0x00000000   Number         0  usenofp.o ABSOLUTE
    ..\CORE\core_cm3.c                       0x00000000   Number         0  core_cm3.o ABSOLUTE
    ..\CORE\startup_stm32f10x_hd.s           0x00000000   Number         0  startup_stm32f10x_hd.o ABSOLUTE
    ..\HARDWARE\ADC\adc.c                    0x00000000   Number         0  adc.o ABSOLUTE
    ..\HARDWARE\KEY\key.c                    0x00000000   Number         0  key.o ABSOLUTE
    ..\HARDWARE\OLED\OLED.c                  0x00000000   Number         0  oled.o ABSOLUTE
    ..\HARDWARE\PID\pid.c                    0x00000000   Number         0  pid.o ABSOLUTE
    ..\HARDWARE\SPWM\spwm.c                  0x00000000   Number         0  spwm.o ABSOLUTE
    ..\HARDWARE\hw8032\usart3.c              0x00000000   Number         0  usart3.o ABSOLUTE
    ..\STM32F10x_FWLib\src\misc.c            0x00000000   Number         0  misc.o ABSOLUTE
    ..\STM32F10x_FWLib\src\stm32f10x_adc.c   0x00000000   Number         0  stm32f10x_adc.o ABSOLUTE
    ..\STM32F10x_FWLib\src\stm32f10x_exti.c  0x00000000   Number         0  stm32f10x_exti.o ABSOLUTE
    ..\STM32F10x_FWLib\src\stm32f10x_gpio.c  0x00000000   Number         0  stm32f10x_gpio.o ABSOLUTE
    ..\STM32F10x_FWLib\src\stm32f10x_rcc.c   0x00000000   Number         0  stm32f10x_rcc.o ABSOLUTE
    ..\STM32F10x_FWLib\src\stm32f10x_tim.c   0x00000000   Number         0  stm32f10x_tim.o ABSOLUTE
    ..\STM32F10x_FWLib\src\stm32f10x_usart.c 0x00000000   Number         0  stm32f10x_usart.o ABSOLUTE
    ..\SYSTEM\delay\delay.c                  0x00000000   Number         0  delay.o ABSOLUTE
    ..\SYSTEM\sys\sys.c                      0x00000000   Number         0  sys.o ABSOLUTE
    ..\SYSTEM\usart\usart.c                  0x00000000   Number         0  usart.o ABSOLUTE
    ..\\CORE\\core_cm3.c                     0x00000000   Number         0  core_cm3.o ABSOLUTE
    ..\\SYSTEM\\sys\\sys.c                   0x00000000   Number         0  sys.o ABSOLUTE
    dc.s                                     0x00000000   Number         0  dc.o ABSOLUTE
    main.c                                   0x00000000   Number         0  main.o ABSOLUTE
    stm32f10x_it.c                           0x00000000   Number         0  stm32f10x_it.o ABSOLUTE
    system_stm32f10x.c                       0x00000000   Number         0  system_stm32f10x.o ABSOLUTE
    RESET                                    0x08000000   Section      304  startup_stm32f10x_hd.o(RESET)
    !!!main                                  0x08000130   Section        8  __main.o(!!!main)
    !!!scatter                               0x08000138   Section       52  __scatter.o(!!!scatter)
    !!dclz77c                                0x0800016c   Section      100  __dclz77c.o(!!dclz77c)
    !!handler_zi                             0x080001d0   Section       28  __scatter_zi.o(!!handler_zi)
    .ARM.Collect$$libinit$$00000000          0x080001ec   Section        2  libinit.o(.ARM.Collect$$libinit$$00000000)
    .ARM.Collect$$libinit$$00000002          0x080001ee   Section        0  libinit2.o(.ARM.Collect$$libinit$$00000002)
    .ARM.Collect$$libinit$$00000004          0x080001ee   Section        0  libinit2.o(.ARM.Collect$$libinit$$00000004)
    .ARM.Collect$$libinit$$0000000A          0x080001ee   Section        0  libinit2.o(.ARM.Collect$$libinit$$0000000A)
    .ARM.Collect$$libinit$$0000000C          0x080001ee   Section        0  libinit2.o(.ARM.Collect$$libinit$$0000000C)
    .ARM.Collect$$libinit$$0000000E          0x080001ee   Section        0  libinit2.o(.ARM.Collect$$libinit$$0000000E)
    .ARM.Collect$$libinit$$00000011          0x080001ee   Section        0  libinit2.o(.ARM.Collect$$libinit$$00000011)
    .ARM.Collect$$libinit$$00000013          0x080001ee   Section        0  libinit2.o(.ARM.Collect$$libinit$$00000013)
    .ARM.Collect$$libinit$$00000015          0x080001ee   Section        0  libinit2.o(.ARM.Collect$$libinit$$00000015)
    .ARM.Collect$$libinit$$00000017          0x080001ee   Section        0  libinit2.o(.ARM.Collect$$libinit$$00000017)
    .ARM.Collect$$libinit$$00000019          0x080001ee   Section        0  libinit2.o(.ARM.Collect$$libinit$$00000019)
    .ARM.Collect$$libinit$$0000001B          0x080001ee   Section        0  libinit2.o(.ARM.Collect$$libinit$$0000001B)
    .ARM.Collect$$libinit$$0000001D          0x080001ee   Section        0  libinit2.o(.ARM.Collect$$libinit$$0000001D)
    .ARM.Collect$$libinit$$0000001F          0x080001ee   Section        0  libinit2.o(.ARM.Collect$$libinit$$0000001F)
    .ARM.Collect$$libinit$$00000021          0x080001ee   Section        0  libinit2.o(.ARM.Collect$$libinit$$00000021)
    .ARM.Collect$$libinit$$00000023          0x080001ee   Section        0  libinit2.o(.ARM.Collect$$libinit$$00000023)
    .ARM.Collect$$libinit$$00000025          0x080001ee   Section        0  libinit2.o(.ARM.Collect$$libinit$$00000025)
    .ARM.Collect$$libinit$$0000002C          0x080001ee   Section        0  libinit2.o(.ARM.Collect$$libinit$$0000002C)
    .ARM.Collect$$libinit$$0000002E          0x080001ee   Section        0  libinit2.o(.ARM.Collect$$libinit$$0000002E)
    .ARM.Collect$$libinit$$00000030          0x080001ee   Section        0  libinit2.o(.ARM.Collect$$libinit$$00000030)
    .ARM.Collect$$libinit$$00000032          0x080001ee   Section        0  libinit2.o(.ARM.Collect$$libinit$$00000032)
    .ARM.Collect$$libinit$$00000033          0x080001ee   Section        2  libinit2.o(.ARM.Collect$$libinit$$00000033)
    .ARM.Collect$$libshutdown$$00000000      0x080001f0   Section        2  libshutdown.o(.ARM.Collect$$libshutdown$$00000000)
    .ARM.Collect$$libshutdown$$00000002      0x080001f2   Section        0  libshutdown2.o(.ARM.Collect$$libshutdown$$00000002)
    .ARM.Collect$$libshutdown$$00000004      0x080001f2   Section        0  libshutdown2.o(.ARM.Collect$$libshutdown$$00000004)
    .ARM.Collect$$libshutdown$$00000007      0x080001f2   Section        0  libshutdown2.o(.ARM.Collect$$libshutdown$$00000007)
    .ARM.Collect$$libshutdown$$0000000A      0x080001f2   Section        0  libshutdown2.o(.ARM.Collect$$libshutdown$$0000000A)
    .ARM.Collect$$libshutdown$$0000000C      0x080001f2   Section        0  libshutdown2.o(.ARM.Collect$$libshutdown$$0000000C)
    .ARM.Collect$$libshutdown$$0000000F      0x080001f2   Section        0  libshutdown2.o(.ARM.Collect$$libshutdown$$0000000F)
    .ARM.Collect$$libshutdown$$00000010      0x080001f2   Section        2  libshutdown2.o(.ARM.Collect$$libshutdown$$00000010)
    .ARM.Collect$$rtentry$$00000000          0x080001f4   Section        0  __rtentry.o(.ARM.Collect$$rtentry$$00000000)
    .ARM.Collect$$rtentry$$00000002          0x080001f4   Section        0  __rtentry2.o(.ARM.Collect$$rtentry$$00000002)
    .ARM.Collect$$rtentry$$00000004          0x080001f4   Section        6  __rtentry4.o(.ARM.Collect$$rtentry$$00000004)
    .ARM.Collect$$rtentry$$00000009          0x080001fa   Section        0  __rtentry2.o(.ARM.Collect$$rtentry$$00000009)
    .ARM.Collect$$rtentry$$0000000A          0x080001fa   Section        4  __rtentry2.o(.ARM.Collect$$rtentry$$0000000A)
    .ARM.Collect$$rtentry$$0000000C          0x080001fe   Section        0  __rtentry2.o(.ARM.Collect$$rtentry$$0000000C)
    .ARM.Collect$$rtentry$$0000000D          0x080001fe   Section        8  __rtentry2.o(.ARM.Collect$$rtentry$$0000000D)
    .ARM.Collect$$rtexit$$00000000           0x08000206   Section        2  rtexit.o(.ARM.Collect$$rtexit$$00000000)
    .ARM.Collect$$rtexit$$00000002           0x08000208   Section        0  rtexit2.o(.ARM.Collect$$rtexit$$00000002)
    .ARM.Collect$$rtexit$$00000003           0x08000208   Section        4  rtexit2.o(.ARM.Collect$$rtexit$$00000003)
    .ARM.Collect$$rtexit$$00000004           0x0800020c   Section        6  rtexit2.o(.ARM.Collect$$rtexit$$00000004)
    .text                                    0x08000214   Section        0  main.o(.text)
    .text                                    0x08000474   Section        0  stm32f10x_it.o(.text)
    .text                                    0x08000490   Section        0  system_stm32f10x.o(.text)
    SetSysClockTo72                          0x08000491   Thumb Code   214  system_stm32f10x.o(.text)
    SetSysClock                              0x08000567   Thumb Code     8  system_stm32f10x.o(.text)
    .text                                    0x08000670   Section        0  spwm.o(.text)
    .text                                    0x08000a98   Section        0  oled.o(.text)
    .text                                    0x08000f90   Section        0  usart3.o(.text)
    .text                                    0x08001350   Section        0  key.o(.text)
    .text                                    0x080013f4   Section        0  adc.o(.text)
    .text                                    0x080014ec   Section        0  pid.o(.text)
    .text                                    0x08001650   Section        0  delay.o(.text)
    .text                                    0x08001724   Section        0  usart.o(.text)
    .text                                    0x08001864   Section       64  startup_stm32f10x_hd.o(.text)
    .text                                    0x080018a4   Section        0  stm32f10x_gpio.o(.text)
    .text                                    0x08001c00   Section        0  stm32f10x_rcc.o(.text)
    .text                                    0x08001fa4   Section        0  stm32f10x_usart.o(.text)
    .text                                    0x080023ac   Section        0  misc.o(.text)
    .text                                    0x08002488   Section        0  stm32f10x_tim.o(.text)
    TI4_Config                               0x0800292f   Thumb Code   130  stm32f10x_tim.o(.text)
    TI3_Config                               0x080029c3   Thumb Code   122  stm32f10x_tim.o(.text)
    TI2_Config                               0x08002a57   Thumb Code   130  stm32f10x_tim.o(.text)
    TI1_Config                               0x08002aeb   Thumb Code   108  stm32f10x_tim.o(.text)
    .text                                    0x080032a4   Section        0  stm32f10x_adc.o(.text)
    .text                                    0x080036f2   Section        2  use_no_semi_2.o(.text)
    .text                                    0x080036f4   Section        0  heapauxi.o(.text)
    .text                                    0x080036fa   Section        2  use_no_semi.o(.text)
    .text                                    0x080036fc   Section       74  sys_stackheap_outer.o(.text)
    .text                                    0x08003746   Section        0  exit.o(.text)
    .text                                    0x08003758   Section        8  libspace.o(.text)
    x$fpl$d2f                                0x08003760   Section       98  d2f.o(x$fpl$d2f)
    x$fpl$dcmpinf                            0x080037c2   Section       24  dcmpi.o(x$fpl$dcmpinf)
    x$fpl$ddiv                               0x080037dc   Section      688  ddiv.o(x$fpl$ddiv)
    ddiv_entry                               0x080037e3   Thumb Code     0  ddiv.o(x$fpl$ddiv)
    x$fpl$dfltu                              0x08003a8c   Section       38  dflt_clz.o(x$fpl$dfltu)
    x$fpl$dleqf                              0x08003ab4   Section      120  dleqf.o(x$fpl$dleqf)
    x$fpl$dmul                               0x08003b2c   Section      340  dmul.o(x$fpl$dmul)
    x$fpl$dnaninf                            0x08003c80   Section      156  dnaninf.o(x$fpl$dnaninf)
    x$fpl$dretinf                            0x08003d1c   Section       12  dretinf.o(x$fpl$dretinf)
    x$fpl$f2d                                0x08003d28   Section       86  f2d.o(x$fpl$f2d)
    x$fpl$fadd                               0x08003d80   Section      196  faddsub_clz.o(x$fpl$fadd)
    _fadd1                                   0x08003d8f   Thumb Code     0  faddsub_clz.o(x$fpl$fadd)
    x$fpl$fcmpinf                            0x08003e44   Section       24  fcmpi.o(x$fpl$fcmpinf)
    x$fpl$fdiv                               0x08003e5c   Section      388  fdiv.o(x$fpl$fdiv)
    _fdiv1                                   0x08003e5d   Thumb Code     0  fdiv.o(x$fpl$fdiv)
    x$fpl$ffixu                              0x08003fe0   Section       62  ffixu.o(x$fpl$ffixu)
    x$fpl$fflt                               0x08004020   Section       48  fflt_clz.o(x$fpl$fflt)
    x$fpl$ffltu                              0x08004050   Section       38  fflt_clz.o(x$fpl$ffltu)
    x$fpl$fleqf                              0x08004078   Section      104  fleqf.o(x$fpl$fleqf)
    x$fpl$fmul                               0x080040e0   Section      258  fmul.o(x$fpl$fmul)
    x$fpl$fnaninf                            0x080041e2   Section      140  fnaninf.o(x$fpl$fnaninf)
    x$fpl$fretinf                            0x0800426e   Section       10  fretinf.o(x$fpl$fretinf)
    x$fpl$frleqf                             0x08004278   Section       98  frleqf.o(x$fpl$frleqf)
    x$fpl$frsb                               0x080042da   Section       20  faddsub_clz.o(x$fpl$frsb)
    x$fpl$fsub                               0x080042f0   Section      234  faddsub_clz.o(x$fpl$fsub)
    _fsub1                                   0x080042ff   Thumb Code     0  faddsub_clz.o(x$fpl$fsub)
    .constdata                               0x080043da   Section     1744  oled.o(.constdata)
    x$fpl$usenofp                            0x080043da   Section        0  usenofp.o(x$fpl$usenofp)
    .data                                    0x20000000   Section        8  main.o(.data)
    .data                                    0x20000008   Section       20  system_stm32f10x.o(.data)
    .data                                    0x2000001c   Section     1619  spwm.o(.data)
    i                                        0x20000668   Data           2  spwm.o(.data)
    j                                        0x2000066e   Data           1  spwm.o(.data)
    .data                                    0x20000670   Section       33  usart3.o(.data)
    .data                                    0x20000691   Section        1  key.o(.data)
    key_up                                   0x20000691   Data           1  key.o(.data)
    .data                                    0x20000692   Section        4  delay.o(.data)
    fac_us                                   0x20000692   Data           1  delay.o(.data)
    fac_ms                                   0x20000694   Data           2  delay.o(.data)
    .data                                    0x20000698   Section        6  usart.o(.data)
    .data                                    0x2000069e   Section       20  stm32f10x_rcc.o(.data)
    APBAHBPrescTable                         0x2000069e   Data          16  stm32f10x_rcc.o(.data)
    ADCPrescTable                            0x200006ae   Data           4  stm32f10x_rcc.o(.data)
    .bss                                     0x200006b4   Section      280  usart3.o(.bss)
    .bss                                     0x200007cc   Section       48  pid.o(.bss)
    .bss                                     0x200007fc   Section      200  usart.o(.bss)
    .bss                                     0x200008c4   Section       96  libspace.o(.bss)
    HEAP                                     0x20000928   Section      512  startup_stm32f10x_hd.o(HEAP)
    Heap_Mem                                 0x20000928   Data         512  startup_stm32f10x_hd.o(HEAP)
    STACK                                    0x20000b28   Section     1024  startup_stm32f10x_hd.o(STACK)
    Stack_Mem                                0x20000b28   Data        1024  startup_stm32f10x_hd.o(STACK)
    __initial_sp                             0x20000f28   Data           0  startup_stm32f10x_hd.o(STACK)

    Global Symbols

    Symbol Name                              Value     Ov Type        Size  Object(Section)

    BuildAttributes$$THM_ISAv4$P$D$K$B$S$PE$A:L22UL41UL21$X:L11$S22US41US21$IEEE1$IW$USESV6$~STKCKD$USESV7$~SHL$OSPACE$ROPI$EBA8$UX$STANDARDLIB$REQ8$PRES8$EABIv2 0x00000000   Number         0  anon$$obj.o ABSOLUTE
    __ARM_use_no_argv                        0x00000000   Number         0  main.o ABSOLUTE
    __ARM_exceptions_init                     - Undefined Weak Reference
    __alloca_initialize                       - Undefined Weak Reference
    __arm_preinit_                            - Undefined Weak Reference
    __cpp_initialize__aeabi_                  - Undefined Weak Reference
    __cxa_finalize                            - Undefined Weak Reference
    __rt_locale                               - Undefined Weak Reference
    __sigvec_lookup                           - Undefined Weak Reference
    _atexit_init                              - Undefined Weak Reference
    _call_atexit_fns                          - Undefined Weak Reference
    _clock_init                               - Undefined Weak Reference
    _fp_trap_init                             - Undefined Weak Reference
    _fp_trap_shutdown                         - Undefined Weak Reference
    _get_lc_collate                           - Undefined Weak Reference
    _get_lc_ctype                             - Undefined Weak Reference
    _get_lc_monetary                          - Undefined Weak Reference
    _get_lc_numeric                           - Undefined Weak Reference
    _get_lc_time                              - Undefined Weak Reference
    _getenv_init                              - Undefined Weak Reference
    _handle_redirection                       - Undefined Weak Reference
    _init_alloc                               - Undefined Weak Reference
    _init_user_alloc                          - Undefined Weak Reference
    _initio                                   - Undefined Weak Reference
    _rand_init                                - Undefined Weak Reference
    _signal_finish                            - Undefined Weak Reference
    _signal_init                              - Undefined Weak Reference
    _terminate_alloc                          - Undefined Weak Reference
    _terminate_user_alloc                     - Undefined Weak Reference
    _terminateio                              - Undefined Weak Reference
    __Vectors_Size                           0x00000130   Number         0  startup_stm32f10x_hd.o ABSOLUTE
    __Vectors                                0x08000000   Data           4  startup_stm32f10x_hd.o(RESET)
    __Vectors_End                            0x08000130   Data           0  startup_stm32f10x_hd.o(RESET)
    __main                                   0x08000131   Thumb Code     8  __main.o(!!!main)
    __scatterload                            0x08000139   Thumb Code     0  __scatter.o(!!!scatter)
    __scatterload_rt2                        0x08000139   Thumb Code    44  __scatter.o(!!!scatter)
    __scatterload_rt2_thumb_only             0x08000139   Thumb Code     0  __scatter.o(!!!scatter)
    __scatterload_null                       0x08000147   Thumb Code     0  __scatter.o(!!!scatter)
    __decompress                             0x0800016d   Thumb Code   100  __dclz77c.o(!!dclz77c)
    __decompress2                            0x0800016d   Thumb Code     0  __dclz77c.o(!!dclz77c)
    __scatterload_zeroinit                   0x080001d1   Thumb Code    28  __scatter_zi.o(!!handler_zi)
    __rt_lib_init                            0x080001ed   Thumb Code     0  libinit.o(.ARM.Collect$$libinit$$00000000)
    __rt_lib_init_alloca_1                   0x080001ef   Thumb Code     0  libinit2.o(.ARM.Collect$$libinit$$0000002E)
    __rt_lib_init_argv_1                     0x080001ef   Thumb Code     0  libinit2.o(.ARM.Collect$$libinit$$0000002C)
    __rt_lib_init_atexit_1                   0x080001ef   Thumb Code     0  libinit2.o(.ARM.Collect$$libinit$$0000001B)
    __rt_lib_init_clock_1                    0x080001ef   Thumb Code     0  libinit2.o(.ARM.Collect$$libinit$$00000021)
    __rt_lib_init_cpp_1                      0x080001ef   Thumb Code     0  libinit2.o(.ARM.Collect$$libinit$$00000032)
    __rt_lib_init_exceptions_1               0x080001ef   Thumb Code     0  libinit2.o(.ARM.Collect$$libinit$$00000030)
    __rt_lib_init_fp_1                       0x080001ef   Thumb Code     0  libinit2.o(.ARM.Collect$$libinit$$00000002)
    __rt_lib_init_fp_trap_1                  0x080001ef   Thumb Code     0  libinit2.o(.ARM.Collect$$libinit$$0000001F)
    __rt_lib_init_getenv_1                   0x080001ef   Thumb Code     0  libinit2.o(.ARM.Collect$$libinit$$00000023)
    __rt_lib_init_heap_1                     0x080001ef   Thumb Code     0  libinit2.o(.ARM.Collect$$libinit$$0000000A)
    __rt_lib_init_lc_collate_1               0x080001ef   Thumb Code     0  libinit2.o(.ARM.Collect$$libinit$$00000011)
    __rt_lib_init_lc_ctype_1                 0x080001ef   Thumb Code     0  libinit2.o(.ARM.Collect$$libinit$$00000013)
    __rt_lib_init_lc_monetary_1              0x080001ef   Thumb Code     0  libinit2.o(.ARM.Collect$$libinit$$00000015)
    __rt_lib_init_lc_numeric_1               0x080001ef   Thumb Code     0  libinit2.o(.ARM.Collect$$libinit$$00000017)
    __rt_lib_init_lc_time_1                  0x080001ef   Thumb Code     0  libinit2.o(.ARM.Collect$$libinit$$00000019)
    __rt_lib_init_preinit_1                  0x080001ef   Thumb Code     0  libinit2.o(.ARM.Collect$$libinit$$00000004)
    __rt_lib_init_rand_1                     0x080001ef   Thumb Code     0  libinit2.o(.ARM.Collect$$libinit$$0000000E)
    __rt_lib_init_return                     0x080001ef   Thumb Code     0  libinit2.o(.ARM.Collect$$libinit$$00000033)
    __rt_lib_init_signal_1                   0x080001ef   Thumb Code     0  libinit2.o(.ARM.Collect$$libinit$$0000001D)
    __rt_lib_init_stdio_1                    0x080001ef   Thumb Code     0  libinit2.o(.ARM.Collect$$libinit$$00000025)
    __rt_lib_init_user_alloc_1               0x080001ef   Thumb Code     0  libinit2.o(.ARM.Collect$$libinit$$0000000C)
    __rt_lib_shutdown                        0x080001f1   Thumb Code     0  libshutdown.o(.ARM.Collect$$libshutdown$$00000000)
    __rt_lib_shutdown_cpp_1                  0x080001f3   Thumb Code     0  libshutdown2.o(.ARM.Collect$$libshutdown$$00000002)
    __rt_lib_shutdown_fp_trap_1              0x080001f3   Thumb Code     0  libshutdown2.o(.ARM.Collect$$libshutdown$$00000007)
    __rt_lib_shutdown_heap_1                 0x080001f3   Thumb Code     0  libshutdown2.o(.ARM.Collect$$libshutdown$$0000000F)
    __rt_lib_shutdown_return                 0x080001f3   Thumb Code     0  libshutdown2.o(.ARM.Collect$$libshutdown$$00000010)
    __rt_lib_shutdown_signal_1               0x080001f3   Thumb Code     0  libshutdown2.o(.ARM.Collect$$libshutdown$$0000000A)
    __rt_lib_shutdown_stdio_1                0x080001f3   Thumb Code     0  libshutdown2.o(.ARM.Collect$$libshutdown$$00000004)
    __rt_lib_shutdown_user_alloc_1           0x080001f3   Thumb Code     0  libshutdown2.o(.ARM.Collect$$libshutdown$$0000000C)
    __rt_entry                               0x080001f5   Thumb Code     0  __rtentry.o(.ARM.Collect$$rtentry$$00000000)
    __rt_entry_presh_1                       0x080001f5   Thumb Code     0  __rtentry2.o(.ARM.Collect$$rtentry$$00000002)
    __rt_entry_sh                            0x080001f5   Thumb Code     0  __rtentry4.o(.ARM.Collect$$rtentry$$00000004)
    __rt_entry_li                            0x080001fb   Thumb Code     0  __rtentry2.o(.ARM.Collect$$rtentry$$0000000A)
    __rt_entry_postsh_1                      0x080001fb   Thumb Code     0  __rtentry2.o(.ARM.Collect$$rtentry$$00000009)
    __rt_entry_main                          0x080001ff   Thumb Code     0  __rtentry2.o(.ARM.Collect$$rtentry$$0000000D)
    __rt_entry_postli_1                      0x080001ff   Thumb Code     0  __rtentry2.o(.ARM.Collect$$rtentry$$0000000C)
    __rt_exit                                0x08000207   Thumb Code     0  rtexit.o(.ARM.Collect$$rtexit$$00000000)
    __rt_exit_ls                             0x08000209   Thumb Code     0  rtexit2.o(.ARM.Collect$$rtexit$$00000003)
    __rt_exit_prels_1                        0x08000209   Thumb Code     0  rtexit2.o(.ARM.Collect$$rtexit$$00000002)
    __rt_exit_exit                           0x0800020d   Thumb Code     0  rtexit2.o(.ARM.Collect$$rtexit$$00000004)
    shiftArray                               0x08000215   Thumb Code   290  main.o(.text)
    main                                     0x08000337   Thumb Code   296  main.o(.text)
    NMI_Handler                              0x08000475   Thumb Code     2  stm32f10x_it.o(.text)
    HardFault_Handler                        0x08000477   Thumb Code     4  stm32f10x_it.o(.text)
    MemManage_Handler                        0x0800047b   Thumb Code     4  stm32f10x_it.o(.text)
    BusFault_Handler                         0x0800047f   Thumb Code     4  stm32f10x_it.o(.text)
    UsageFault_Handler                       0x08000483   Thumb Code     4  stm32f10x_it.o(.text)
    SVC_Handler                              0x08000487   Thumb Code     2  stm32f10x_it.o(.text)
    DebugMon_Handler                         0x08000489   Thumb Code     2  stm32f10x_it.o(.text)
    PendSV_Handler                           0x0800048b   Thumb Code     2  stm32f10x_it.o(.text)
    SysTick_Handler                          0x0800048d   Thumb Code     2  stm32f10x_it.o(.text)
    SystemInit                               0x0800056f   Thumb Code    78  system_stm32f10x.o(.text)
    SystemCoreClockUpdate                    0x080005bd   Thumb Code   142  system_stm32f10x.o(.text)
    spwm_init                                0x08000671   Thumb Code   344  spwm.o(.text)
    tim8_init                                0x080007c9   Thumb Code   264  spwm.o(.text)
    TIM1_UP_IRQHandler                       0x080008d1   Thumb Code   386  spwm.o(.text)
    OLED_I2C_Init                            0x08000a99   Thumb Code    76  oled.o(.text)
    OLED_I2C_Start                           0x08000ae5   Thumb Code    48  oled.o(.text)
    OLED_I2C_Stop                            0x08000b15   Thumb Code    36  oled.o(.text)
    OLED_I2C_SendByte                        0x08000b39   Thumb Code    80  oled.o(.text)
    OLED_WriteCommand                        0x08000b89   Thumb Code    32  oled.o(.text)
    OLED_WriteData                           0x08000ba9   Thumb Code    32  oled.o(.text)
    OLED_SetCursor                           0x08000bc9   Thumb Code    34  oled.o(.text)
    OLED_Clear                               0x08000beb   Thumb Code    42  oled.o(.text)
    OLED_ShowChar                            0x08000c15   Thumb Code   110  oled.o(.text)
    OLED_ShowString                          0x08000c83   Thumb Code    40  oled.o(.text)
    OLED_Pow                                 0x08000cab   Thumb Code    20  oled.o(.text)
    OLED_ShowNum                             0x08000cbf   Thumb Code   182  oled.o(.text)
    OLED_ShowSignedNum                       0x08000d75   Thumb Code   102  oled.o(.text)
    OLED_ShowHexNum                          0x08000ddb   Thumb Code    84  oled.o(.text)
    OLED_ShowBinNum                          0x08000e2f   Thumb Code    62  oled.o(.text)
    OLED_ShowCN                              0x08000e6d   Thumb Code   114  oled.o(.text)
    OLED_Init                                0x08000edf   Thumb Code   174  oled.o(.text)
    Usart3_Init                              0x08000f91   Thumb Code   188  usart3.o(.text)
    USART3_IRQHandler                        0x0800104d   Thumb Code   682  usart3.o(.text)
    KEY_Init                                 0x08001351   Thumb Code    34  key.o(.text)
    KEY_Scan                                 0x08001373   Thumb Code   120  key.o(.text)
    Adc_Init                                 0x080013f5   Thumb Code   132  adc.o(.text)
    Get_Adc                                  0x08001479   Thumb Code    46  adc.o(.text)
    Get_Adc_Average                          0x080014a7   Thumb Code    60  adc.o(.text)
    PID_Init                                 0x080014ed   Thumb Code    50  pid.o(.text)
    PID_realize                              0x0800151f   Thumb Code   282  pid.o(.text)
    delay_init                               0x08001651   Thumb Code    50  delay.o(.text)
    delay_us                                 0x08001683   Thumb Code    72  delay.o(.text)
    delay_ms                                 0x080016cb   Thumb Code    72  delay.o(.text)
    _sys_exit                                0x08001725   Thumb Code     4  usart.o(.text)
    fputc                                    0x08001729   Thumb Code    24  usart.o(.text)
    uart_init                                0x08001741   Thumb Code   152  usart.o(.text)
    USART1_IRQHandler                        0x080017d9   Thumb Code   122  usart.o(.text)
    Reset_Handler                            0x08001865   Thumb Code     8  startup_stm32f10x_hd.o(.text)
    ADC1_2_IRQHandler                        0x0800187f   Thumb Code     0  startup_stm32f10x_hd.o(.text)
    ADC3_IRQHandler                          0x0800187f   Thumb Code     0  startup_stm32f10x_hd.o(.text)
    CAN1_RX1_IRQHandler                      0x0800187f   Thumb Code     0  startup_stm32f10x_hd.o(.text)
    CAN1_SCE_IRQHandler                      0x0800187f   Thumb Code     0  startup_stm32f10x_hd.o(.text)
    DMA1_Channel1_IRQHandler                 0x0800187f   Thumb Code     0  startup_stm32f10x_hd.o(.text)
    DMA1_Channel2_IRQHandler                 0x0800187f   Thumb Code     0  startup_stm32f10x_hd.o(.text)
    DMA1_Channel3_IRQHandler                 0x0800187f   Thumb Code     0  startup_stm32f10x_hd.o(.text)
    DMA1_Channel4_IRQHandler                 0x0800187f   Thumb Code     0  startup_stm32f10x_hd.o(.text)
    DMA1_Channel5_IRQHandler                 0x0800187f   Thumb Code     0  startup_stm32f10x_hd.o(.text)
    DMA1_Channel6_IRQHandler                 0x0800187f   Thumb Code     0  startup_stm32f10x_hd.o(.text)
    DMA1_Channel7_IRQHandler                 0x0800187f   Thumb Code     0  startup_stm32f10x_hd.o(.text)
    DMA2_Channel1_IRQHandler                 0x0800187f   Thumb Code     0  startup_stm32f10x_hd.o(.text)
    DMA2_Channel2_IRQHandler                 0x0800187f   Thumb Code     0  startup_stm32f10x_hd.o(.text)
    DMA2_Channel3_IRQHandler                 0x0800187f   Thumb Code     0  startup_stm32f10x_hd.o(.text)
    DMA2_Channel4_5_IRQHandler               0x0800187f   Thumb Code     0  startup_stm32f10x_hd.o(.text)
    EXTI0_IRQHandler                         0x0800187f   Thumb Code     0  startup_stm32f10x_hd.o(.text)
    EXTI15_10_IRQHandler                     0x0800187f   Thumb Code     0  startup_stm32f10x_hd.o(.text)
    EXTI1_IRQHandler                         0x0800187f   Thumb Code     0  startup_stm32f10x_hd.o(.text)
    EXTI2_IRQHandler                         0x0800187f   Thumb Code     0  startup_stm32f10x_hd.o(.text)
    EXTI3_IRQHandler                         0x0800187f   Thumb Code     0  startup_stm32f10x_hd.o(.text)
    EXTI4_IRQHandler                         0x0800187f   Thumb Code     0  startup_stm32f10x_hd.o(.text)
    EXTI9_5_IRQHandler                       0x0800187f   Thumb Code     0  startup_stm32f10x_hd.o(.text)
    FLASH_IRQHandler                         0x0800187f   Thumb Code     0  startup_stm32f10x_hd.o(.text)
    FSMC_IRQHandler                          0x0800187f   Thumb Code     0  startup_stm32f10x_hd.o(.text)
    I2C1_ER_IRQHandler                       0x0800187f   Thumb Code     0  startup_stm32f10x_hd.o(.text)
    I2C1_EV_IRQHandler                       0x0800187f   Thumb Code     0  startup_stm32f10x_hd.o(.text)
    I2C2_ER_IRQHandler                       0x0800187f   Thumb Code     0  startup_stm32f10x_hd.o(.text)
    I2C2_EV_IRQHandler                       0x0800187f   Thumb Code     0  startup_stm32f10x_hd.o(.text)
    PVD_IRQHandler                           0x0800187f   Thumb Code     0  startup_stm32f10x_hd.o(.text)
    RCC_IRQHandler                           0x0800187f   Thumb Code     0  startup_stm32f10x_hd.o(.text)
    RTCAlarm_IRQHandler                      0x0800187f   Thumb Code     0  startup_stm32f10x_hd.o(.text)
    RTC_IRQHandler                           0x0800187f   Thumb Code     0  startup_stm32f10x_hd.o(.text)
    SDIO_IRQHandler                          0x0800187f   Thumb Code     0  startup_stm32f10x_hd.o(.text)
    SPI1_IRQHandler                          0x0800187f   Thumb Code     0  startup_stm32f10x_hd.o(.text)
    SPI2_IRQHandler                          0x0800187f   Thumb Code     0  startup_stm32f10x_hd.o(.text)
    SPI3_IRQHandler                          0x0800187f   Thumb Code     0  startup_stm32f10x_hd.o(.text)
    TAMPER_IRQHandler                        0x0800187f   Thumb Code     0  startup_stm32f10x_hd.o(.text)
    TIM1_BRK_IRQHandler                      0x0800187f   Thumb Code     0  startup_stm32f10x_hd.o(.text)
    TIM1_CC_IRQHandler                       0x0800187f   Thumb Code     0  startup_stm32f10x_hd.o(.text)
    TIM1_TRG_COM_IRQHandler                  0x0800187f   Thumb Code     0  startup_stm32f10x_hd.o(.text)
    TIM2_IRQHandler                          0x0800187f   Thumb Code     0  startup_stm32f10x_hd.o(.text)
    TIM3_IRQHandler                          0x0800187f   Thumb Code     0  startup_stm32f10x_hd.o(.text)
    TIM4_IRQHandler                          0x0800187f   Thumb Code     0  startup_stm32f10x_hd.o(.text)
    TIM5_IRQHandler                          0x0800187f   Thumb Code     0  startup_stm32f10x_hd.o(.text)
    TIM6_IRQHandler                          0x0800187f   Thumb Code     0  startup_stm32f10x_hd.o(.text)
    TIM7_IRQHandler                          0x0800187f   Thumb Code     0  startup_stm32f10x_hd.o(.text)
    TIM8_BRK_IRQHandler                      0x0800187f   Thumb Code     0  startup_stm32f10x_hd.o(.text)
    TIM8_CC_IRQHandler                       0x0800187f   Thumb Code     0  startup_stm32f10x_hd.o(.text)
    TIM8_TRG_COM_IRQHandler                  0x0800187f   Thumb Code     0  startup_stm32f10x_hd.o(.text)
    TIM8_UP_IRQHandler                       0x0800187f   Thumb Code     0  startup_stm32f10x_hd.o(.text)
    UART4_IRQHandler                         0x0800187f   Thumb Code     0  startup_stm32f10x_hd.o(.text)
    UART5_IRQHandler                         0x0800187f   Thumb Code     0  startup_stm32f10x_hd.o(.text)
    USART2_IRQHandler                        0x0800187f   Thumb Code     0  startup_stm32f10x_hd.o(.text)
    USBWakeUp_IRQHandler                     0x0800187f   Thumb Code     0  startup_stm32f10x_hd.o(.text)
    USB_HP_CAN1_TX_IRQHandler                0x0800187f   Thumb Code     0  startup_stm32f10x_hd.o(.text)
    USB_LP_CAN1_RX0_IRQHandler               0x0800187f   Thumb Code     0  startup_stm32f10x_hd.o(.text)
    WWDG_IRQHandler                          0x0800187f   Thumb Code     0  startup_stm32f10x_hd.o(.text)
    __user_initial_stackheap                 0x08001881   Thumb Code     0  startup_stm32f10x_hd.o(.text)
    GPIO_DeInit                              0x080018a5   Thumb Code   172  stm32f10x_gpio.o(.text)
    GPIO_AFIODeInit                          0x08001951   Thumb Code    20  stm32f10x_gpio.o(.text)
    GPIO_Init                                0x08001965   Thumb Code   278  stm32f10x_gpio.o(.text)
    GPIO_StructInit                          0x08001a7b   Thumb Code    16  stm32f10x_gpio.o(.text)
    GPIO_ReadInputDataBit                    0x08001a8b   Thumb Code    18  stm32f10x_gpio.o(.text)
    GPIO_ReadInputData                       0x08001a9d   Thumb Code     8  stm32f10x_gpio.o(.text)
    GPIO_ReadOutputDataBit                   0x08001aa5   Thumb Code    18  stm32f10x_gpio.o(.text)
    GPIO_ReadOutputData                      0x08001ab7   Thumb Code     8  stm32f10x_gpio.o(.text)
    GPIO_SetBits                             0x08001abf   Thumb Code     4  stm32f10x_gpio.o(.text)
    GPIO_ResetBits                           0x08001ac3   Thumb Code     4  stm32f10x_gpio.o(.text)
    GPIO_WriteBit                            0x08001ac7   Thumb Code    10  stm32f10x_gpio.o(.text)
    GPIO_Write                               0x08001ad1   Thumb Code     4  stm32f10x_gpio.o(.text)
    GPIO_PinLockConfig                       0x08001ad5   Thumb Code    18  stm32f10x_gpio.o(.text)
    GPIO_EventOutputConfig                   0x08001ae7   Thumb Code    26  stm32f10x_gpio.o(.text)
    GPIO_EventOutputCmd                      0x08001b01   Thumb Code     6  stm32f10x_gpio.o(.text)
    GPIO_PinRemapConfig                      0x08001b07   Thumb Code   138  stm32f10x_gpio.o(.text)
    GPIO_EXTILineConfig                      0x08001b91   Thumb Code    66  stm32f10x_gpio.o(.text)
    GPIO_ETH_MediaInterfaceConfig            0x08001bd3   Thumb Code     8  stm32f10x_gpio.o(.text)
    RCC_DeInit                               0x08001c01   Thumb Code    64  stm32f10x_rcc.o(.text)
    RCC_HSEConfig                            0x08001c41   Thumb Code    70  stm32f10x_rcc.o(.text)
    RCC_GetFlagStatus                        0x08001c87   Thumb Code    56  stm32f10x_rcc.o(.text)
    RCC_WaitForHSEStartUp                    0x08001cbf   Thumb Code    56  stm32f10x_rcc.o(.text)
    RCC_AdjustHSICalibrationValue            0x08001cf7   Thumb Code    20  stm32f10x_rcc.o(.text)
    RCC_HSICmd                               0x08001d0b   Thumb Code     6  stm32f10x_rcc.o(.text)
    RCC_PLLConfig                            0x08001d11   Thumb Code    24  stm32f10x_rcc.o(.text)
    RCC_PLLCmd                               0x08001d29   Thumb Code     6  stm32f10x_rcc.o(.text)
    RCC_SYSCLKConfig                         0x08001d2f   Thumb Code    18  stm32f10x_rcc.o(.text)
    RCC_GetSYSCLKSource                      0x08001d41   Thumb Code    10  stm32f10x_rcc.o(.text)
    RCC_HCLKConfig                           0x08001d4b   Thumb Code    18  stm32f10x_rcc.o(.text)
    RCC_PCLK1Config                          0x08001d5d   Thumb Code    18  stm32f10x_rcc.o(.text)
    RCC_PCLK2Config                          0x08001d6f   Thumb Code    20  stm32f10x_rcc.o(.text)
    RCC_ITConfig                             0x08001d83   Thumb Code    26  stm32f10x_rcc.o(.text)
    RCC_USBCLKConfig                         0x08001d9d   Thumb Code     8  stm32f10x_rcc.o(.text)
    RCC_ADCCLKConfig                         0x08001da5   Thumb Code    18  stm32f10x_rcc.o(.text)
    RCC_LSEConfig                            0x08001db7   Thumb Code    50  stm32f10x_rcc.o(.text)
    RCC_LSICmd                               0x08001de9   Thumb Code     6  stm32f10x_rcc.o(.text)
    RCC_RTCCLKConfig                         0x08001def   Thumb Code    12  stm32f10x_rcc.o(.text)
    RCC_RTCCLKCmd                            0x08001dfb   Thumb Code     8  stm32f10x_rcc.o(.text)
    RCC_GetClocksFreq                        0x08001e03   Thumb Code   192  stm32f10x_rcc.o(.text)
    RCC_AHBPeriphClockCmd                    0x08001ec3   Thumb Code    26  stm32f10x_rcc.o(.text)
    RCC_APB2PeriphClockCmd                   0x08001edd   Thumb Code    26  stm32f10x_rcc.o(.text)
    RCC_APB1PeriphClockCmd                   0x08001ef7   Thumb Code    26  stm32f10x_rcc.o(.text)
    RCC_APB2PeriphResetCmd                   0x08001f11   Thumb Code    26  stm32f10x_rcc.o(.text)
    RCC_APB1PeriphResetCmd                   0x08001f2b   Thumb Code    26  stm32f10x_rcc.o(.text)
    RCC_BackupResetCmd                       0x08001f45   Thumb Code     8  stm32f10x_rcc.o(.text)
    RCC_ClockSecuritySystemCmd               0x08001f4d   Thumb Code     6  stm32f10x_rcc.o(.text)
    RCC_MCOConfig                            0x08001f53   Thumb Code     6  stm32f10x_rcc.o(.text)
    RCC_ClearFlag                            0x08001f59   Thumb Code    14  stm32f10x_rcc.o(.text)
    RCC_GetITStatus                          0x08001f67   Thumb Code    20  stm32f10x_rcc.o(.text)
    RCC_ClearITPendingBit                    0x08001f7b   Thumb Code     6  stm32f10x_rcc.o(.text)
    USART_DeInit                             0x08001fa5   Thumb Code   134  stm32f10x_usart.o(.text)
    USART_Init                               0x0800202b   Thumb Code   210  stm32f10x_usart.o(.text)
    USART_StructInit                         0x080020fd   Thumb Code    24  stm32f10x_usart.o(.text)
    USART_ClockInit                          0x08002115   Thumb Code    34  stm32f10x_usart.o(.text)
    USART_ClockStructInit                    0x08002137   Thumb Code    12  stm32f10x_usart.o(.text)
    USART_Cmd                                0x08002143   Thumb Code    24  stm32f10x_usart.o(.text)
    USART_ITConfig                           0x0800215b   Thumb Code    74  stm32f10x_usart.o(.text)
    USART_DMACmd                             0x080021a5   Thumb Code    18  stm32f10x_usart.o(.text)
    USART_SetAddress                         0x080021b7   Thumb Code    18  stm32f10x_usart.o(.text)
    USART_WakeUpConfig                       0x080021c9   Thumb Code    18  stm32f10x_usart.o(.text)
    USART_ReceiverWakeUpCmd                  0x080021db   Thumb Code    24  stm32f10x_usart.o(.text)
    USART_LINBreakDetectLengthConfig         0x080021f3   Thumb Code    18  stm32f10x_usart.o(.text)
    USART_LINCmd                             0x08002205   Thumb Code    24  stm32f10x_usart.o(.text)
    USART_SendData                           0x0800221d   Thumb Code     8  stm32f10x_usart.o(.text)
    USART_ReceiveData                        0x08002225   Thumb Code    10  stm32f10x_usart.o(.text)
    USART_SendBreak                          0x0800222f   Thumb Code    10  stm32f10x_usart.o(.text)
    USART_SetGuardTime                       0x08002239   Thumb Code    16  stm32f10x_usart.o(.text)
    USART_SetPrescaler                       0x08002249   Thumb Code    16  stm32f10x_usart.o(.text)
    USART_SmartCardCmd                       0x08002259   Thumb Code    24  stm32f10x_usart.o(.text)
    USART_SmartCardNACKCmd                   0x08002271   Thumb Code    24  stm32f10x_usart.o(.text)
    USART_HalfDuplexCmd                      0x08002289   Thumb Code    24  stm32f10x_usart.o(.text)
    USART_OverSampling8Cmd                   0x080022a1   Thumb Code    22  stm32f10x_usart.o(.text)
    USART_OneBitMethodCmd                    0x080022b7   Thumb Code    24  stm32f10x_usart.o(.text)
    USART_IrDAConfig                         0x080022cf   Thumb Code    18  stm32f10x_usart.o(.text)
    USART_IrDACmd                            0x080022e1   Thumb Code    24  stm32f10x_usart.o(.text)
    USART_GetFlagStatus                      0x080022f9   Thumb Code    26  stm32f10x_usart.o(.text)
    USART_ClearFlag                          0x08002313   Thumb Code    18  stm32f10x_usart.o(.text)
    USART_GetITStatus                        0x08002325   Thumb Code    84  stm32f10x_usart.o(.text)
    USART_ClearITPendingBit                  0x08002379   Thumb Code    52  stm32f10x_usart.o(.text)
    NVIC_PriorityGroupConfig                 0x080023ad   Thumb Code    10  misc.o(.text)
    NVIC_Init                                0x080023b7   Thumb Code   100  misc.o(.text)
    NVIC_SetVectorTable                      0x0800241b   Thumb Code    14  misc.o(.text)
    NVIC_SystemLPConfig                      0x08002429   Thumb Code    34  misc.o(.text)
    SysTick_CLKSourceConfig                  0x0800244b   Thumb Code    40  misc.o(.text)
    TIM_DeInit                               0x08002489   Thumb Code   424  stm32f10x_tim.o(.text)
    TIM_TimeBaseInit                         0x08002631   Thumb Code   122  stm32f10x_tim.o(.text)
    TIM_OC1Init                              0x080026ab   Thumb Code   132  stm32f10x_tim.o(.text)
    TIM_OC2Init                              0x0800272f   Thumb Code   154  stm32f10x_tim.o(.text)
    TIM_OC3Init                              0x080027c9   Thumb Code   150  stm32f10x_tim.o(.text)
    TIM_OC4Init                              0x0800285f   Thumb Code   182  stm32f10x_tim.o(.text)
    TIM_SetIC4Prescaler                      0x08002915   Thumb Code    26  stm32f10x_tim.o(.text)
    TIM_SetIC3Prescaler                      0x080029b1   Thumb Code    18  stm32f10x_tim.o(.text)
    TIM_SetIC2Prescaler                      0x08002a3d   Thumb Code    26  stm32f10x_tim.o(.text)
    TIM_SetIC1Prescaler                      0x08002ad9   Thumb Code    18  stm32f10x_tim.o(.text)
    TIM_ICInit                               0x08002b57   Thumb Code   150  stm32f10x_tim.o(.text)
    TIM_PWMIConfig                           0x08002bed   Thumb Code   124  stm32f10x_tim.o(.text)
    TIM_BDTRConfig                           0x08002c69   Thumb Code    32  stm32f10x_tim.o(.text)
    TIM_TimeBaseStructInit                   0x08002c89   Thumb Code    18  stm32f10x_tim.o(.text)
    TIM_OCStructInit                         0x08002c9b   Thumb Code    20  stm32f10x_tim.o(.text)
    TIM_ICStructInit                         0x08002caf   Thumb Code    18  stm32f10x_tim.o(.text)
    TIM_BDTRStructInit                       0x08002cc1   Thumb Code    40  stm32f10x_tim.o(.text)
    TIM_Cmd                                  0x08002ce9   Thumb Code    24  stm32f10x_tim.o(.text)
    TIM_CtrlPWMOutputs                       0x08002d01   Thumb Code    30  stm32f10x_tim.o(.text)
    TIM_ITConfig                             0x08002d1f   Thumb Code    18  stm32f10x_tim.o(.text)
    TIM_GenerateEvent                        0x08002d31   Thumb Code     4  stm32f10x_tim.o(.text)
    TIM_DMAConfig                            0x08002d35   Thumb Code    10  stm32f10x_tim.o(.text)
    TIM_DMACmd                               0x08002d3f   Thumb Code    18  stm32f10x_tim.o(.text)
    TIM_InternalClockConfig                  0x08002d51   Thumb Code    12  stm32f10x_tim.o(.text)
    TIM_SelectInputTrigger                   0x08002d5d   Thumb Code    18  stm32f10x_tim.o(.text)
    TIM_ITRxExternalClockConfig              0x08002d6f   Thumb Code    24  stm32f10x_tim.o(.text)
    TIM_TIxExternalClockConfig               0x08002d87   Thumb Code    62  stm32f10x_tim.o(.text)
    TIM_ETRConfig                            0x08002dc5   Thumb Code    28  stm32f10x_tim.o(.text)
    TIM_ETRClockMode1Config                  0x08002de1   Thumb Code    54  stm32f10x_tim.o(.text)
    TIM_ETRClockMode2Config                  0x08002e17   Thumb Code    32  stm32f10x_tim.o(.text)
    TIM_PrescalerConfig                      0x08002e37   Thumb Code     6  stm32f10x_tim.o(.text)
    TIM_CounterModeConfig                    0x08002e3d   Thumb Code    18  stm32f10x_tim.o(.text)
    TIM_EncoderInterfaceConfig               0x08002e4f   Thumb Code    66  stm32f10x_tim.o(.text)
    TIM_ForcedOC1Config                      0x08002e91   Thumb Code    18  stm32f10x_tim.o(.text)
    TIM_ForcedOC2Config                      0x08002ea3   Thumb Code    26  stm32f10x_tim.o(.text)
    TIM_ForcedOC3Config                      0x08002ebd   Thumb Code    18  stm32f10x_tim.o(.text)
    TIM_ForcedOC4Config                      0x08002ecf   Thumb Code    26  stm32f10x_tim.o(.text)
    TIM_ARRPreloadConfig                     0x08002ee9   Thumb Code    24  stm32f10x_tim.o(.text)
    TIM_SelectCOM                            0x08002f01   Thumb Code    24  stm32f10x_tim.o(.text)
    TIM_SelectCCDMA                          0x08002f19   Thumb Code    24  stm32f10x_tim.o(.text)
    TIM_CCPreloadControl                     0x08002f31   Thumb Code    24  stm32f10x_tim.o(.text)
    TIM_OC1PreloadConfig                     0x08002f49   Thumb Code    18  stm32f10x_tim.o(.text)
    TIM_OC2PreloadConfig                     0x08002f5b   Thumb Code    26  stm32f10x_tim.o(.text)
    TIM_OC3PreloadConfig                     0x08002f75   Thumb Code    18  stm32f10x_tim.o(.text)
    TIM_OC4PreloadConfig                     0x08002f87   Thumb Code    26  stm32f10x_tim.o(.text)
    TIM_OC1FastConfig                        0x08002fa1   Thumb Code    18  stm32f10x_tim.o(.text)
    TIM_OC2FastConfig                        0x08002fb3   Thumb Code    26  stm32f10x_tim.o(.text)
    TIM_OC3FastConfig                        0x08002fcd   Thumb Code    18  stm32f10x_tim.o(.text)
    TIM_OC4FastConfig                        0x08002fdf   Thumb Code    26  stm32f10x_tim.o(.text)
    TIM_ClearOC1Ref                          0x08002ff9   Thumb Code    18  stm32f10x_tim.o(.text)
    TIM_ClearOC2Ref                          0x0800300b   Thumb Code    24  stm32f10x_tim.o(.text)
    TIM_ClearOC3Ref                          0x08003023   Thumb Code    18  stm32f10x_tim.o(.text)
    TIM_ClearOC4Ref                          0x08003035   Thumb Code    24  stm32f10x_tim.o(.text)
    TIM_OC1PolarityConfig                    0x0800304d   Thumb Code    18  stm32f10x_tim.o(.text)
    TIM_OC1NPolarityConfig                   0x0800305f   Thumb Code    18  stm32f10x_tim.o(.text)
    TIM_OC2PolarityConfig                    0x08003071   Thumb Code    26  stm32f10x_tim.o(.text)
    TIM_OC2NPolarityConfig                   0x0800308b   Thumb Code    26  stm32f10x_tim.o(.text)
    TIM_OC3PolarityConfig                    0x080030a5   Thumb Code    26  stm32f10x_tim.o(.text)
    TIM_OC3NPolarityConfig                   0x080030bf   Thumb Code    26  stm32f10x_tim.o(.text)
    TIM_OC4PolarityConfig                    0x080030d9   Thumb Code    26  stm32f10x_tim.o(.text)
    TIM_CCxCmd                               0x080030f3   Thumb Code    30  stm32f10x_tim.o(.text)
    TIM_CCxNCmd                              0x08003111   Thumb Code    30  stm32f10x_tim.o(.text)
    TIM_SelectOCxM                           0x0800312f   Thumb Code    82  stm32f10x_tim.o(.text)
    TIM_UpdateDisableConfig                  0x08003181   Thumb Code    24  stm32f10x_tim.o(.text)
    TIM_UpdateRequestConfig                  0x08003199   Thumb Code    24  stm32f10x_tim.o(.text)
    TIM_SelectHallSensor                     0x080031b1   Thumb Code    24  stm32f10x_tim.o(.text)
    TIM_SelectOnePulseMode                   0x080031c9   Thumb Code    18  stm32f10x_tim.o(.text)
    TIM_SelectOutputTrigger                  0x080031db   Thumb Code    18  stm32f10x_tim.o(.text)
    TIM_SelectSlaveMode                      0x080031ed   Thumb Code    18  stm32f10x_tim.o(.text)
    TIM_SelectMasterSlaveMode                0x080031ff   Thumb Code    18  stm32f10x_tim.o(.text)
    TIM_SetCounter                           0x08003211   Thumb Code     4  stm32f10x_tim.o(.text)
    TIM_SetAutoreload                        0x08003215   Thumb Code     4  stm32f10x_tim.o(.text)
    TIM_SetCompare1                          0x08003219   Thumb Code     4  stm32f10x_tim.o(.text)
    TIM_SetCompare2                          0x0800321d   Thumb Code     4  stm32f10x_tim.o(.text)
    TIM_SetCompare3                          0x08003221   Thumb Code     4  stm32f10x_tim.o(.text)
    TIM_SetCompare4                          0x08003225   Thumb Code     6  stm32f10x_tim.o(.text)
    TIM_SetClockDivision                     0x0800322b   Thumb Code    18  stm32f10x_tim.o(.text)
    TIM_GetCapture1                          0x0800323d   Thumb Code     6  stm32f10x_tim.o(.text)
    TIM_GetCapture2                          0x08003243   Thumb Code     6  stm32f10x_tim.o(.text)
    TIM_GetCapture3                          0x08003249   Thumb Code     6  stm32f10x_tim.o(.text)
    TIM_GetCapture4                          0x0800324f   Thumb Code     8  stm32f10x_tim.o(.text)
    TIM_GetCounter                           0x08003257   Thumb Code     6  stm32f10x_tim.o(.text)
    TIM_GetPrescaler                         0x0800325d   Thumb Code     6  stm32f10x_tim.o(.text)
    TIM_GetFlagStatus                        0x08003263   Thumb Code    18  stm32f10x_tim.o(.text)
    TIM_ClearFlag                            0x08003275   Thumb Code     6  stm32f10x_tim.o(.text)
    TIM_GetITStatus                          0x0800327b   Thumb Code    34  stm32f10x_tim.o(.text)
    TIM_ClearITPendingBit                    0x0800329d   Thumb Code     6  stm32f10x_tim.o(.text)
    ADC_DeInit                               0x080032a5   Thumb Code    78  stm32f10x_adc.o(.text)
    ADC_Init                                 0x080032f3   Thumb Code    70  stm32f10x_adc.o(.text)
    ADC_StructInit                           0x08003339   Thumb Code    18  stm32f10x_adc.o(.text)
    ADC_Cmd                                  0x0800334b   Thumb Code    22  stm32f10x_adc.o(.text)
    ADC_DMACmd                               0x08003361   Thumb Code    22  stm32f10x_adc.o(.text)
    ADC_ITConfig                             0x08003377   Thumb Code    24  stm32f10x_adc.o(.text)
    ADC_ResetCalibration                     0x0800338f   Thumb Code    10  stm32f10x_adc.o(.text)
    ADC_GetResetCalibrationStatus            0x08003399   Thumb Code    20  stm32f10x_adc.o(.text)
    ADC_StartCalibration                     0x080033ad   Thumb Code    10  stm32f10x_adc.o(.text)
    ADC_GetCalibrationStatus                 0x080033b7   Thumb Code    20  stm32f10x_adc.o(.text)
    ADC_SoftwareStartConvCmd                 0x080033cb   Thumb Code    22  stm32f10x_adc.o(.text)
    ADC_GetSoftwareStartConvStatus           0x080033e1   Thumb Code    20  stm32f10x_adc.o(.text)
    ADC_DiscModeChannelCountConfig           0x080033f5   Thumb Code    24  stm32f10x_adc.o(.text)
    ADC_DiscModeCmd                          0x0800340d   Thumb Code    22  stm32f10x_adc.o(.text)
    ADC_RegularChannelConfig                 0x08003423   Thumb Code   184  stm32f10x_adc.o(.text)
    ADC_ExternalTrigConvCmd                  0x080034db   Thumb Code    22  stm32f10x_adc.o(.text)
    ADC_GetConversionValue                   0x080034f1   Thumb Code     8  stm32f10x_adc.o(.text)
    ADC_GetDualModeConversionValue           0x080034f9   Thumb Code     8  stm32f10x_adc.o(.text)
    ADC_AutoInjectedConvCmd                  0x08003501   Thumb Code    22  stm32f10x_adc.o(.text)
    ADC_InjectedDiscModeCmd                  0x08003517   Thumb Code    22  stm32f10x_adc.o(.text)
    ADC_ExternalTrigInjectedConvConfig       0x0800352d   Thumb Code    16  stm32f10x_adc.o(.text)
    ADC_ExternalTrigInjectedConvCmd          0x0800353d   Thumb Code    22  stm32f10x_adc.o(.text)
    ADC_SoftwareStartInjectedConvCmd         0x08003553   Thumb Code    22  stm32f10x_adc.o(.text)
    ADC_GetSoftwareStartInjectedConvCmdStatus 0x08003569   Thumb Code    20  stm32f10x_adc.o(.text)
    ADC_InjectedChannelConfig                0x0800357d   Thumb Code   130  stm32f10x_adc.o(.text)
    ADC_InjectedSequencerLengthConfig        0x080035ff   Thumb Code    24  stm32f10x_adc.o(.text)
    ADC_SetInjectedOffset                    0x08003617   Thumb Code    20  stm32f10x_adc.o(.text)
    ADC_GetInjectedConversionValue           0x0800362b   Thumb Code    28  stm32f10x_adc.o(.text)
    ADC_AnalogWatchdogCmd                    0x08003647   Thumb Code    16  stm32f10x_adc.o(.text)
    ADC_AnalogWatchdogThresholdsConfig       0x08003657   Thumb Code     6  stm32f10x_adc.o(.text)
    ADC_AnalogWatchdogSingleChannelConfig    0x0800365d   Thumb Code    16  stm32f10x_adc.o(.text)
    ADC_TempSensorVrefintCmd                 0x0800366d   Thumb Code    64  stm32f10x_adc.o(.text)
    ADC_GetFlagStatus                        0x080036ad   Thumb Code    18  stm32f10x_adc.o(.text)
    ADC_ClearFlag                            0x080036bf   Thumb Code     6  stm32f10x_adc.o(.text)
    ADC_GetITStatus                          0x080036c5   Thumb Code    36  stm32f10x_adc.o(.text)
    ADC_ClearITPendingBit                    0x080036e9   Thumb Code    10  stm32f10x_adc.o(.text)
    __use_no_semihosting                     0x080036f3   Thumb Code     2  use_no_semi_2.o(.text)
    __use_two_region_memory                  0x080036f5   Thumb Code     2  heapauxi.o(.text)
    __rt_heap_escrow$2region                 0x080036f7   Thumb Code     2  heapauxi.o(.text)
    __rt_heap_expand$2region                 0x080036f9   Thumb Code     2  heapauxi.o(.text)
    __I$use$semihosting                      0x080036fb   Thumb Code     0  use_no_semi.o(.text)
    __use_no_semihosting_swi                 0x080036fb   Thumb Code     2  use_no_semi.o(.text)
    __user_setup_stackheap                   0x080036fd   Thumb Code    74  sys_stackheap_outer.o(.text)
    exit                                     0x08003747   Thumb Code    18  exit.o(.text)
    __user_libspace                          0x08003759   Thumb Code     8  libspace.o(.text)
    __user_perproc_libspace                  0x08003759   Thumb Code     0  libspace.o(.text)
    __user_perthread_libspace                0x08003759   Thumb Code     0  libspace.o(.text)
    __aeabi_d2f                              0x08003761   Thumb Code     0  d2f.o(x$fpl$d2f)
    _d2f                                     0x08003761   Thumb Code    98  d2f.o(x$fpl$d2f)
    __fpl_dcmp_Inf                           0x080037c3   Thumb Code    24  dcmpi.o(x$fpl$dcmpinf)
    __aeabi_ddiv                             0x080037dd   Thumb Code     0  ddiv.o(x$fpl$ddiv)
    _ddiv                                    0x080037dd   Thumb Code   552  ddiv.o(x$fpl$ddiv)
    __aeabi_ui2d                             0x08003a8d   Thumb Code     0  dflt_clz.o(x$fpl$dfltu)
    _dfltu                                   0x08003a8d   Thumb Code    38  dflt_clz.o(x$fpl$dfltu)
    __aeabi_cdcmple                          0x08003ab5   Thumb Code     0  dleqf.o(x$fpl$dleqf)
    _dcmple                                  0x08003ab5   Thumb Code   120  dleqf.o(x$fpl$dleqf)
    __fpl_dcmple_InfNaN                      0x08003b17   Thumb Code     0  dleqf.o(x$fpl$dleqf)
    __aeabi_dmul                             0x08003b2d   Thumb Code     0  dmul.o(x$fpl$dmul)
    _dmul                                    0x08003b2d   Thumb Code   332  dmul.o(x$fpl$dmul)
    __fpl_dnaninf                            0x08003c81   Thumb Code   156  dnaninf.o(x$fpl$dnaninf)
    __fpl_dretinf                            0x08003d1d   Thumb Code    12  dretinf.o(x$fpl$dretinf)
    __aeabi_f2d                              0x08003d29   Thumb Code     0  f2d.o(x$fpl$f2d)
    _f2d                                     0x08003d29   Thumb Code    86  f2d.o(x$fpl$f2d)
    __aeabi_fadd                             0x08003d81   Thumb Code     0  faddsub_clz.o(x$fpl$fadd)
    _fadd                                    0x08003d81   Thumb Code   196  faddsub_clz.o(x$fpl$fadd)
    __fpl_fcmp_Inf                           0x08003e45   Thumb Code    24  fcmpi.o(x$fpl$fcmpinf)
    __aeabi_fdiv                             0x08003e5d   Thumb Code     0  fdiv.o(x$fpl$fdiv)
    _fdiv                                    0x08003e5d   Thumb Code   384  fdiv.o(x$fpl$fdiv)
    __aeabi_f2uiz                            0x08003fe1   Thumb Code     0  ffixu.o(x$fpl$ffixu)
    _ffixu                                   0x08003fe1   Thumb Code    62  ffixu.o(x$fpl$ffixu)
    __aeabi_i2f                              0x08004021   Thumb Code     0  fflt_clz.o(x$fpl$fflt)
    _fflt                                    0x08004021   Thumb Code    48  fflt_clz.o(x$fpl$fflt)
    __aeabi_ui2f                             0x08004051   Thumb Code     0  fflt_clz.o(x$fpl$ffltu)
    _ffltu                                   0x08004051   Thumb Code    38  fflt_clz.o(x$fpl$ffltu)
    __aeabi_cfcmple                          0x08004079   Thumb Code     0  fleqf.o(x$fpl$fleqf)
    _fcmple                                  0x08004079   Thumb Code   104  fleqf.o(x$fpl$fleqf)
    __fpl_fcmple_InfNaN                      0x080040cb   Thumb Code     0  fleqf.o(x$fpl$fleqf)
    __aeabi_fmul                             0x080040e1   Thumb Code     0  fmul.o(x$fpl$fmul)
    _fmul                                    0x080040e1   Thumb Code   258  fmul.o(x$fpl$fmul)
    __fpl_fnaninf                            0x080041e3   Thumb Code   140  fnaninf.o(x$fpl$fnaninf)
    __fpl_fretinf                            0x0800426f   Thumb Code    10  fretinf.o(x$fpl$fretinf)
    __aeabi_cfrcmple                         0x08004279   Thumb Code     0  frleqf.o(x$fpl$frleqf)
    _frcmple                                 0x08004279   Thumb Code    98  frleqf.o(x$fpl$frleqf)
    __aeabi_frsub                            0x080042db   Thumb Code     0  faddsub_clz.o(x$fpl$frsb)
    _frsb                                    0x080042db   Thumb Code    20  faddsub_clz.o(x$fpl$frsb)
    __aeabi_fsub                             0x080042f1   Thumb Code     0  faddsub_clz.o(x$fpl$fsub)
    _fsub                                    0x080042f1   Thumb Code   234  faddsub_clz.o(x$fpl$fsub)
    OLED_F8x16                               0x080043da   Data        1520  oled.o(.constdata)
    __I$use$fp                               0x080043da   Number         0  usenofp.o(x$fpl$usenofp)
    OLED_F16x16                              0x080049ca   Data         224  oled.o(.constdata)
    Region$$Table$$Base                      0x08004aac   Number         0  anon$$obj.o(Region$$Table)
    Region$$Table$$Limit                     0x08004acc   Number         0  anon$$obj.o(Region$$Table)
    Vdata                                    0x20000000   Data           4  main.o(.data)
    temp                                     0x20000004   Data           4  main.o(.data)
    SystemCoreClock                          0x20000008   Data           4  system_stm32f10x.o(.data)
    AHBPrescTable                            0x2000000c   Data          16  system_stm32f10x.o(.data)
    pfreq                                    0x2000001c   Data           1  spwm.o(.data)
    Period_percent                           0x20000020   Data           4  spwm.o(.data)
    k                                        0x20000024   Data           4  spwm.o(.data)
    spwm                                     0x20000028   Data        1600  spwm.o(.data)
    TimerPeriod                              0x2000066a   Data           2  spwm.o(.data)
    Channel3Pulse                            0x2000066c   Data           2  spwm.o(.data)
    Usart3_RxCounter                         0x20000670   Data           1  usart3.o(.data)
    Usart3_RxFlag                            0x20000671   Data           1  usart3.o(.data)
    Usart3_Receive_Flag                      0x20000672   Data           1  usart3.o(.data)
    HLW8032_SumCheck                         0x20000673   Data           1  usart3.o(.data)
    Voltage_Parameter_REG                    0x20000674   Data           4  usart3.o(.data)
    Voltage_REG                              0x20000678   Data           4  usart3.o(.data)
    Current_Parameter_REG                    0x2000067c   Data           4  usart3.o(.data)
    Current_REG                              0x20000680   Data           4  usart3.o(.data)
    Power_Parameter_REG                      0x20000684   Data           4  usart3.o(.data)
    Power_REG                                0x20000688   Data           4  usart3.o(.data)
    Energy_count                             0x2000068c   Data           4  usart3.o(.data)
    DATA_REG_BIT7                            0x20000690   Data           1  usart3.o(.data)
    __stdout                                 0x20000698   Data           4  usart.o(.data)
    USART_RX_STA                             0x2000069c   Data           2  usart.o(.data)
    Usart3_RxBuff                            0x200006b4   Data         256  usart3.o(.bss)
    DisplayTable                             0x200007b4   Data          24  usart3.o(.bss)
    pid                                      0x200007cc   Data          48  pid.o(.bss)
    USART_RX_BUF                             0x200007fc   Data         200  usart.o(.bss)
    __libspace_start                         0x200008c4   Data          96  libspace.o(.bss)
    __temporary_stack_top$libspace           0x20000924   Data           0  libspace.o(.bss)



==============================================================================

Memory Map of the image

  Image Entry point : 0x08000131

  Load Region LR_IROM1 (Base: 0x08000000, Size: 0x00005180, Max: 0x00040000, ABSOLUTE, COMPRESSED[0x00004ea0])

    Execution Region ER_IROM1 (Base: 0x08000000, Size: 0x00004acc, Max: 0x00040000, ABSOLUTE)

    Base Addr    Size         Type   Attr      Idx    E Section Name        Object

    0x08000000   0x00000130   Data   RO          371    RESET               startup_stm32f10x_hd.o
    0x08000130   0x00000008   Code   RO          468  * !!!main             c_w.l(__main.o)
    0x08000138   0x00000034   Code   RO          682    !!!scatter          c_w.l(__scatter.o)
    0x0800016c   0x00000064   Code   RO          680    !!dclz77c           c_w.l(__dclz77c.o)
    0x080001d0   0x0000001c   Code   RO          684    !!handler_zi        c_w.l(__scatter_zi.o)
    0x080001ec   0x00000002   Code   RO          554    .ARM.Collect$$libinit$$00000000  c_w.l(libinit.o)
    0x080001ee   0x00000000   Code   RO          561    .ARM.Collect$$libinit$$00000002  c_w.l(libinit2.o)
    0x080001ee   0x00000000   Code   RO          563    .ARM.Collect$$libinit$$00000004  c_w.l(libinit2.o)
    0x080001ee   0x00000000   Code   RO          566    .ARM.Collect$$libinit$$0000000A  c_w.l(libinit2.o)
    0x080001ee   0x00000000   Code   RO          568    .ARM.Collect$$libinit$$0000000C  c_w.l(libinit2.o)
    0x080001ee   0x00000000   Code   RO          570    .ARM.Collect$$libinit$$0000000E  c_w.l(libinit2.o)
    0x080001ee   0x00000000   Code   RO          573    .ARM.Collect$$libinit$$00000011  c_w.l(libinit2.o)
    0x080001ee   0x00000000   Code   RO          575    .ARM.Collect$$libinit$$00000013  c_w.l(libinit2.o)
    0x080001ee   0x00000000   Code   RO          577    .ARM.Collect$$libinit$$00000015  c_w.l(libinit2.o)
    0x080001ee   0x00000000   Code   RO          579    .ARM.Collect$$libinit$$00000017  c_w.l(libinit2.o)
    0x080001ee   0x00000000   Code   RO          581    .ARM.Collect$$libinit$$00000019  c_w.l(libinit2.o)
    0x080001ee   0x00000000   Code   RO          583    .ARM.Collect$$libinit$$0000001B  c_w.l(libinit2.o)
    0x080001ee   0x00000000   Code   RO          585    .ARM.Collect$$libinit$$0000001D  c_w.l(libinit2.o)
    0x080001ee   0x00000000   Code   RO          587    .ARM.Collect$$libinit$$0000001F  c_w.l(libinit2.o)
    0x080001ee   0x00000000   Code   RO          589    .ARM.Collect$$libinit$$00000021  c_w.l(libinit2.o)
    0x080001ee   0x00000000   Code   RO          591    .ARM.Collect$$libinit$$00000023  c_w.l(libinit2.o)
    0x080001ee   0x00000000   Code   RO          593    .ARM.Collect$$libinit$$00000025  c_w.l(libinit2.o)
    0x080001ee   0x00000000   Code   RO          597    .ARM.Collect$$libinit$$0000002C  c_w.l(libinit2.o)
    0x080001ee   0x00000000   Code   RO          599    .ARM.Collect$$libinit$$0000002E  c_w.l(libinit2.o)
    0x080001ee   0x00000000   Code   RO          601    .ARM.Collect$$libinit$$00000030  c_w.l(libinit2.o)
    0x080001ee   0x00000000   Code   RO          603    .ARM.Collect$$libinit$$00000032  c_w.l(libinit2.o)
    0x080001ee   0x00000002   Code   RO          604    .ARM.Collect$$libinit$$00000033  c_w.l(libinit2.o)
    0x080001f0   0x00000002   Code   RO          622    .ARM.Collect$$libshutdown$$00000000  c_w.l(libshutdown.o)
    0x080001f2   0x00000000   Code   RO          632    .ARM.Collect$$libshutdown$$00000002  c_w.l(libshutdown2.o)
    0x080001f2   0x00000000   Code   RO          634    .ARM.Collect$$libshutdown$$00000004  c_w.l(libshutdown2.o)
    0x080001f2   0x00000000   Code   RO          637    .ARM.Collect$$libshutdown$$00000007  c_w.l(libshutdown2.o)
    0x080001f2   0x00000000   Code   RO          640    .ARM.Collect$$libshutdown$$0000000A  c_w.l(libshutdown2.o)
    0x080001f2   0x00000000   Code   RO          642    .ARM.Collect$$libshutdown$$0000000C  c_w.l(libshutdown2.o)
    0x080001f2   0x00000000   Code   RO          645    .ARM.Collect$$libshutdown$$0000000F  c_w.l(libshutdown2.o)
    0x080001f2   0x00000002   Code   RO          646    .ARM.Collect$$libshutdown$$00000010  c_w.l(libshutdown2.o)
    0x080001f4   0x00000000   Code   RO          516    .ARM.Collect$$rtentry$$00000000  c_w.l(__rtentry.o)
    0x080001f4   0x00000000   Code   RO          531    .ARM.Collect$$rtentry$$00000002  c_w.l(__rtentry2.o)
    0x080001f4   0x00000006   Code   RO          543    .ARM.Collect$$rtentry$$00000004  c_w.l(__rtentry4.o)
    0x080001fa   0x00000000   Code   RO          533    .ARM.Collect$$rtentry$$00000009  c_w.l(__rtentry2.o)
    0x080001fa   0x00000004   Code   RO          534    .ARM.Collect$$rtentry$$0000000A  c_w.l(__rtentry2.o)
    0x080001fe   0x00000000   Code   RO          536    .ARM.Collect$$rtentry$$0000000C  c_w.l(__rtentry2.o)
    0x080001fe   0x00000008   Code   RO          537    .ARM.Collect$$rtentry$$0000000D  c_w.l(__rtentry2.o)
    0x08000206   0x00000002   Code   RO          558    .ARM.Collect$$rtexit$$00000000  c_w.l(rtexit.o)
    0x08000208   0x00000000   Code   RO          606    .ARM.Collect$$rtexit$$00000002  c_w.l(rtexit2.o)
    0x08000208   0x00000004   Code   RO          607    .ARM.Collect$$rtexit$$00000003  c_w.l(rtexit2.o)
    0x0800020c   0x00000006   Code   RO          608    .ARM.Collect$$rtexit$$00000004  c_w.l(rtexit2.o)
    0x08000212   0x00000002   PAD
    0x08000214   0x00000260   Code   RO            1    .text               main.o
    0x08000474   0x0000001a   Code   RO          133    .text               stm32f10x_it.o
    0x0800048e   0x00000002   PAD
    0x08000490   0x000001e0   Code   RO          174    .text               system_stm32f10x.o
    0x08000670   0x00000428   Code   RO          192    .text               spwm.o
    0x08000a98   0x000004f8   Code   RO          215    .text               oled.o
    0x08000f90   0x000003c0   Code   RO          233    .text               usart3.o
    0x08001350   0x000000a4   Code   RO          258    .text               key.o
    0x080013f4   0x000000f8   Code   RO          271    .text               adc.o
    0x080014ec   0x00000164   Code   RO          283    .text               pid.o
    0x08001650   0x000000d4   Code   RO          305    .text               delay.o
    0x08001724   0x00000140   Code   RO          336    .text               usart.o
    0x08001864   0x00000040   Code   RO          372    .text               startup_stm32f10x_hd.o
    0x080018a4   0x0000035c   Code   RO          376    .text               stm32f10x_gpio.o
    0x08001c00   0x000003a4   Code   RO          388    .text               stm32f10x_rcc.o
    0x08001fa4   0x00000408   Code   RO          402    .text               stm32f10x_usart.o
    0x080023ac   0x000000dc   Code   RO          414    .text               misc.o
    0x08002488   0x00000e1a   Code   RO          426    .text               stm32f10x_tim.o
    0x080032a2   0x00000002   PAD
    0x080032a4   0x0000044e   Code   RO          450    .text               stm32f10x_adc.o
    0x080036f2   0x00000002   Code   RO          464    .text               c_w.l(use_no_semi_2.o)
    0x080036f4   0x00000006   Code   RO          466    .text               c_w.l(heapauxi.o)
    0x080036fa   0x00000002   Code   RO          514    .text               c_w.l(use_no_semi.o)
    0x080036fc   0x0000004a   Code   RO          545    .text               c_w.l(sys_stackheap_outer.o)
    0x08003746   0x00000012   Code   RO          547    .text               c_w.l(exit.o)
    0x08003758   0x00000008   Code   RO          555    .text               c_w.l(libspace.o)
    0x08003760   0x00000062   Code   RO          470    x$fpl$d2f           fz_ws.l(d2f.o)
    0x080037c2   0x00000018   Code   RO          517    x$fpl$dcmpinf       fz_ws.l(dcmpi.o)
    0x080037da   0x00000002   PAD
    0x080037dc   0x000002b0   Code   RO          473    x$fpl$ddiv          fz_ws.l(ddiv.o)
    0x08003a8c   0x00000026   Code   RO          476    x$fpl$dfltu         fz_ws.l(dflt_clz.o)
    0x08003ab2   0x00000002   PAD
    0x08003ab4   0x00000078   Code   RO          482    x$fpl$dleqf         fz_ws.l(dleqf.o)
    0x08003b2c   0x00000154   Code   RO          484    x$fpl$dmul          fz_ws.l(dmul.o)
    0x08003c80   0x0000009c   Code   RO          519    x$fpl$dnaninf       fz_ws.l(dnaninf.o)
    0x08003d1c   0x0000000c   Code   RO          521    x$fpl$dretinf       fz_ws.l(dretinf.o)
    0x08003d28   0x00000056   Code   RO          486    x$fpl$f2d           fz_ws.l(f2d.o)
    0x08003d7e   0x00000002   PAD
    0x08003d80   0x000000c4   Code   RO          488    x$fpl$fadd          fz_ws.l(faddsub_clz.o)
    0x08003e44   0x00000018   Code   RO          523    x$fpl$fcmpinf       fz_ws.l(fcmpi.o)
    0x08003e5c   0x00000184   Code   RO          495    x$fpl$fdiv          fz_ws.l(fdiv.o)
    0x08003fe0   0x0000003e   Code   RO          498    x$fpl$ffixu         fz_ws.l(ffixu.o)
    0x0800401e   0x00000002   PAD
    0x08004020   0x00000030   Code   RO          503    x$fpl$fflt          fz_ws.l(fflt_clz.o)
    0x08004050   0x00000026   Code   RO          502    x$fpl$ffltu         fz_ws.l(fflt_clz.o)
    0x08004076   0x00000002   PAD
    0x08004078   0x00000068   Code   RO          508    x$fpl$fleqf         fz_ws.l(fleqf.o)
    0x080040e0   0x00000102   Code   RO          510    x$fpl$fmul          fz_ws.l(fmul.o)
    0x080041e2   0x0000008c   Code   RO          525    x$fpl$fnaninf       fz_ws.l(fnaninf.o)
    0x0800426e   0x0000000a   Code   RO          527    x$fpl$fretinf       fz_ws.l(fretinf.o)
    0x08004278   0x00000062   Code   RO          512    x$fpl$frleqf        fz_ws.l(frleqf.o)
    0x080042da   0x00000014   Code   RO          489    x$fpl$frsb          fz_ws.l(faddsub_clz.o)
    0x080042ee   0x00000002   PAD
    0x080042f0   0x000000ea   Code   RO          490    x$fpl$fsub          fz_ws.l(faddsub_clz.o)
    0x080043da   0x00000000   Code   RO          529    x$fpl$usenofp       fz_ws.l(usenofp.o)
    0x080043da   0x000006d0   Data   RO          216    .constdata          oled.o
    0x08004aaa   0x00000002   PAD
    0x08004aac   0x00000020   Data   RO          678    Region$$Table       anon$$obj.o


    Execution Region RW_IRAM1 (Base: 0x20000000, Size: 0x00000f28, Max: 0x0000c000, ABSOLUTE, COMPRESSED[0x000003d4])

    Base Addr    Size         Type   Attr      Idx    E Section Name        Object

    0x20000000   0x00000008   Data   RW            3    .data               main.o
    0x20000008   0x00000014   Data   RW          175    .data               system_stm32f10x.o
    0x2000001c   0x00000653   Data   RW          193    .data               spwm.o
    0x2000066f   0x00000001   PAD
    0x20000670   0x00000021   Data   RW          235    .data               usart3.o
    0x20000691   0x00000001   Data   RW          259    .data               key.o
    0x20000692   0x00000004   Data   RW          306    .data               delay.o
    0x20000696   0x00000002   PAD
    0x20000698   0x00000006   Data   RW          338    .data               usart.o
    0x2000069e   0x00000014   Data   RW          389    .data               stm32f10x_rcc.o
    0x200006b2   0x00000002   PAD
    0x200006b4   0x00000118   Zero   RW          234    .bss                usart3.o
    0x200007cc   0x00000030   Zero   RW          284    .bss                pid.o
    0x200007fc   0x000000c8   Zero   RW          337    .bss                usart.o
    0x200008c4   0x00000060   Zero   RW          556    .bss                c_w.l(libspace.o)
    0x20000924   0x00000004   PAD
    0x20000928   0x00000200   Zero   RW          370    HEAP                startup_stm32f10x_hd.o
    0x20000b28   0x00000400   Zero   RW          369    STACK               startup_stm32f10x_hd.o


==============================================================================

Image component sizes


      Code (inc. data)   RO Data    RW Data    ZI Data      Debug   Object Name

       248         10          0          0          0       1095   adc.o
       212         18          0          4          0       1011   delay.o
       164         10          0          1          0        764   key.o
       608         22          0          8          0     263807   main.o
       220         22          0          0          0       1769   misc.o
      1272         16       1744          0          0       5612   oled.o
       356         24          0          0         48       1457   pid.o
      1064         70          0       1619          0       2505   spwm.o
        64         26        304          0       1536        776   startup_stm32f10x_hd.o
      1102         26          0          0          0      11009   stm32f10x_adc.o
       860         38          0          0          0       5701   stm32f10x_gpio.o
        26          0          0          0          0       1166   stm32f10x_it.o
       932         36          0         20          0       8864   stm32f10x_rcc.o
      3610         88          0          0          0      22808   stm32f10x_tim.o
      1032         22          0          0          0       8428   stm32f10x_usart.o
         0          0          0          0          0         32   sys.o
       480         38          0         20          0       1695   system_stm32f10x.o
       320         18          0          6        200       3094   usart.o
       960         90          0         33        280       2550   usart3.o

    ----------------------------------------------------------------------
     13534        574       2082       1716       2064     344143   Object Totals
         0          0         32          0          0          0   (incl. Generated)
         4          0          2          5          0          0   (incl. Padding)

    ----------------------------------------------------------------------

      Code (inc. data)   RO Data    RW Data    ZI Data      Debug   Library Member Name

       100          0          0          0          0          0   __dclz77c.o
         8          0          0          0          0         68   __main.o
         0          0          0          0          0          0   __rtentry.o
        12          0          0          0          0          0   __rtentry2.o
         6          0          0          0          0          0   __rtentry4.o
        52          8          0          0          0          0   __scatter.o
        28          0          0          0          0          0   __scatter_zi.o
        18          0          0          0          0         80   exit.o
         6          0          0          0          0        152   heapauxi.o
         2          0          0          0          0          0   libinit.o
         2          0          0          0          0          0   libinit2.o
         2          0          0          0          0          0   libshutdown.o
         2          0          0          0          0          0   libshutdown2.o
         8          4          0          0         96         68   libspace.o
         2          0          0          0          0          0   rtexit.o
        10          0          0          0          0          0   rtexit2.o
        74          0          0          0          0         80   sys_stackheap_outer.o
         2          0          0          0          0         68   use_no_semi.o
         2          0          0          0          0         68   use_no_semi_2.o
        98          4          0          0          0         92   d2f.o
        24          0          0          0          0         68   dcmpi.o
       688        140          0          0          0        208   ddiv.o
        38          0          0          0          0         68   dflt_clz.o
       120          4          0          0          0         92   dleqf.o
       340         12          0          0          0        104   dmul.o
       156          4          0          0          0         92   dnaninf.o
        12          0          0          0          0         68   dretinf.o
        86          4          0          0          0         84   f2d.o
       450          8          0          0          0        236   faddsub_clz.o
        24          0          0          0          0         68   fcmpi.o
       388         76          0          0          0         96   fdiv.o
        62          4          0          0          0         84   ffixu.o
        86          0          0          0          0        136   fflt_clz.o
       104          4          0          0          0         84   fleqf.o
       258          4          0          0          0         84   fmul.o
       140          4          0          0          0         84   fnaninf.o
        10          0          0          0          0         68   fretinf.o
        98          0          0          0          0         68   frleqf.o
         0          0          0          0          0          0   usenofp.o

    ----------------------------------------------------------------------
      3532        280          0          0        100       2468   Library Totals
        14          0          0          0          4          0   (incl. Padding)

    ----------------------------------------------------------------------

      Code (inc. data)   RO Data    RW Data    ZI Data      Debug   Library Name

       336         12          0          0         96        584   c_w.l
      3182        268          0          0          0       1884   fz_ws.l

    ----------------------------------------------------------------------
      3532        280          0          0        100       2468   Library Totals

    ----------------------------------------------------------------------

==============================================================================


      Code (inc. data)   RO Data    RW Data    ZI Data      Debug   

     17066        854       2082       1716       2164     343903   Grand Totals
     17066        854       2082        980       2164     343903   ELF Image Totals (compressed)
     17066        854       2082        980          0          0   ROM Totals

==============================================================================

    Total RO  Size (Code + RO Data)                19148 (  18.70kB)
    Total RW  Size (RW Data + ZI Data)              3880 (   3.79kB)
    Total ROM Size (Code + RO Data + RW Data)      20128 (  19.66kB)

==============================================================================

